<?xml version="1.0"?>
<link_info>
   <banner>TI ARM Linker Unix v16.9.1.LTS</banner>
   <copyright>Copyright (c) 1996-2015 Texas Instruments Incorporated</copyright>
   <link_time>0x58ce6ae2</link_time>
   <link_errors>0x0</link_errors>
   <output_file>MonkeyOS.out</output_file>
   <entry_point>
      <name>_c_int00</name>
      <address>0x402049b0</address>
   </entry_point>
   <input_file_list>
      <input_file id="fl-2">
         <path>./src/</path>
         <kind>object</kind>
         <file>hello.obj</file>
         <name>hello.obj</name>
      </input_file>
      <input_file id="fl-bc">
         <path>/home/mod/ti/ccsv7/tools/compiler/ti-cgt-arm_16.9.1.LTS/lib/</path>
         <kind>archive</kind>
         <file>rtsv7A8_A_le_eabi.lib</file>
         <name>boot.obj</name>
      </input_file>
      <input_file id="fl-bd">
         <path>/home/mod/ti/ccsv7/tools/compiler/ti-cgt-arm_16.9.1.LTS/lib/</path>
         <kind>archive</kind>
         <file>rtsv7A8_A_le_eabi.lib</file>
         <name>copy_decompress_lzss.obj</name>
      </input_file>
      <input_file id="fl-be">
         <path>/home/mod/ti/ccsv7/tools/compiler/ti-cgt-arm_16.9.1.LTS/lib/</path>
         <kind>archive</kind>
         <file>rtsv7A8_A_le_eabi.lib</file>
         <name>copy_decompress_none.obj</name>
      </input_file>
      <input_file id="fl-bf">
         <path>/home/mod/ti/ccsv7/tools/compiler/ti-cgt-arm_16.9.1.LTS/lib/</path>
         <kind>archive</kind>
         <file>rtsv7A8_A_le_eabi.lib</file>
         <name>copy_zero_init.obj</name>
      </input_file>
      <input_file id="fl-c0">
         <path>/home/mod/ti/ccsv7/tools/compiler/ti-cgt-arm_16.9.1.LTS/lib/</path>
         <kind>archive</kind>
         <file>rtsv7A8_A_le_eabi.lib</file>
         <name>exit.obj</name>
      </input_file>
      <input_file id="fl-c1">
         <path>/home/mod/ti/ccsv7/tools/compiler/ti-cgt-arm_16.9.1.LTS/lib/</path>
         <kind>archive</kind>
         <file>rtsv7A8_A_le_eabi.lib</file>
         <name>_lock.obj</name>
      </input_file>
      <input_file id="fl-c2">
         <path>/home/mod/ti/ccsv7/tools/compiler/ti-cgt-arm_16.9.1.LTS/lib/</path>
         <kind>archive</kind>
         <file>rtsv7A8_A_le_eabi.lib</file>
         <name>memcpy32.obj</name>
      </input_file>
      <input_file id="fl-c3">
         <path>/home/mod/ti/ccsv7/tools/compiler/ti-cgt-arm_16.9.1.LTS/lib/</path>
         <kind>archive</kind>
         <file>rtsv7A8_A_le_eabi.lib</file>
         <name>memset32.obj</name>
      </input_file>
      <input_file id="fl-c4">
         <path>/home/mod/ti/ccsv7/tools/compiler/ti-cgt-arm_16.9.1.LTS/lib/</path>
         <kind>archive</kind>
         <file>rtsv7A8_A_le_eabi.lib</file>
         <name>mpu_init.obj</name>
      </input_file>
      <input_file id="fl-c5">
         <path>/home/mod/ti/ccsv7/tools/compiler/ti-cgt-arm_16.9.1.LTS/lib/</path>
         <kind>archive</kind>
         <file>rtsv7A8_A_le_eabi.lib</file>
         <name>pre_init.obj</name>
      </input_file>
      <input_file id="fl-c6">
         <path>/home/mod/ti/ccsv7/tools/compiler/ti-cgt-arm_16.9.1.LTS/lib/</path>
         <kind>archive</kind>
         <file>rtsv7A8_A_le_eabi.lib</file>
         <name>printf.obj</name>
      </input_file>
      <input_file id="fl-c7">
         <path>/home/mod/ti/ccsv7/tools/compiler/ti-cgt-arm_16.9.1.LTS/lib/</path>
         <kind>archive</kind>
         <file>rtsv7A8_A_le_eabi.lib</file>
         <name>stkdepth_vars.obj</name>
      </input_file>
      <input_file id="fl-c8">
         <path>/home/mod/ti/ccsv7/tools/compiler/ti-cgt-arm_16.9.1.LTS/lib/</path>
         <kind>archive</kind>
         <file>rtsv7A8_A_le_eabi.lib</file>
         <name>args_main.obj</name>
      </input_file>
      <input_file id="fl-c9">
         <path>/home/mod/ti/ccsv7/tools/compiler/ti-cgt-arm_16.9.1.LTS/lib/</path>
         <kind>archive</kind>
         <file>rtsv7A8_A_le_eabi.lib</file>
         <name>autoinit.obj</name>
      </input_file>
      <input_file id="fl-ca">
         <path>/home/mod/ti/ccsv7/tools/compiler/ti-cgt-arm_16.9.1.LTS/lib/</path>
         <kind>archive</kind>
         <file>rtsv7A8_A_le_eabi.lib</file>
         <name>cpy_tbl.obj</name>
      </input_file>
      <input_file id="fl-cb">
         <path>/home/mod/ti/ccsv7/tools/compiler/ti-cgt-arm_16.9.1.LTS/lib/</path>
         <kind>archive</kind>
         <file>rtsv7A8_A_le_eabi.lib</file>
         <name>defs.obj</name>
      </input_file>
      <input_file id="fl-cc">
         <path>/home/mod/ti/ccsv7/tools/compiler/ti-cgt-arm_16.9.1.LTS/lib/</path>
         <kind>archive</kind>
         <file>rtsv7A8_A_le_eabi.lib</file>
         <name>fputc.obj</name>
      </input_file>
      <input_file id="fl-cd">
         <path>/home/mod/ti/ccsv7/tools/compiler/ti-cgt-arm_16.9.1.LTS/lib/</path>
         <kind>archive</kind>
         <file>rtsv7A8_A_le_eabi.lib</file>
         <name>fputs.obj</name>
      </input_file>
      <input_file id="fl-ce">
         <path>/home/mod/ti/ccsv7/tools/compiler/ti-cgt-arm_16.9.1.LTS/lib/</path>
         <kind>archive</kind>
         <file>rtsv7A8_A_le_eabi.lib</file>
         <name>_io_perm.obj</name>
      </input_file>
      <input_file id="fl-cf">
         <path>/home/mod/ti/ccsv7/tools/compiler/ti-cgt-arm_16.9.1.LTS/lib/</path>
         <kind>archive</kind>
         <file>rtsv7A8_A_le_eabi.lib</file>
         <name>lowlev.obj</name>
      </input_file>
      <input_file id="fl-d0">
         <path>/home/mod/ti/ccsv7/tools/compiler/ti-cgt-arm_16.9.1.LTS/lib/</path>
         <kind>archive</kind>
         <file>rtsv7A8_A_le_eabi.lib</file>
         <name>memchr.obj</name>
      </input_file>
      <input_file id="fl-d1">
         <path>/home/mod/ti/ccsv7/tools/compiler/ti-cgt-arm_16.9.1.LTS/lib/</path>
         <kind>archive</kind>
         <file>rtsv7A8_A_le_eabi.lib</file>
         <name>_printfi.obj</name>
      </input_file>
      <input_file id="fl-d2">
         <path>/home/mod/ti/ccsv7/tools/compiler/ti-cgt-arm_16.9.1.LTS/lib/</path>
         <kind>archive</kind>
         <file>rtsv7A8_A_le_eabi.lib</file>
         <name>setvbuf.obj</name>
      </input_file>
      <input_file id="fl-d3">
         <path>/home/mod/ti/ccsv7/tools/compiler/ti-cgt-arm_16.9.1.LTS/lib/</path>
         <kind>archive</kind>
         <file>rtsv7A8_A_le_eabi.lib</file>
         <name>s_frexp.obj</name>
      </input_file>
      <input_file id="fl-d4">
         <path>/home/mod/ti/ccsv7/tools/compiler/ti-cgt-arm_16.9.1.LTS/lib/</path>
         <kind>archive</kind>
         <file>rtsv7A8_A_le_eabi.lib</file>
         <name>s_scalbn.obj</name>
      </input_file>
      <input_file id="fl-d5">
         <path>/home/mod/ti/ccsv7/tools/compiler/ti-cgt-arm_16.9.1.LTS/lib/</path>
         <kind>archive</kind>
         <file>rtsv7A8_A_le_eabi.lib</file>
         <name>startup.obj</name>
      </input_file>
      <input_file id="fl-d6">
         <path>/home/mod/ti/ccsv7/tools/compiler/ti-cgt-arm_16.9.1.LTS/lib/</path>
         <kind>archive</kind>
         <file>rtsv7A8_A_le_eabi.lib</file>
         <name>strchr.obj</name>
      </input_file>
      <input_file id="fl-d7">
         <path>/home/mod/ti/ccsv7/tools/compiler/ti-cgt-arm_16.9.1.LTS/lib/</path>
         <kind>archive</kind>
         <file>rtsv7A8_A_le_eabi.lib</file>
         <name>strcmp.obj</name>
      </input_file>
      <input_file id="fl-d8">
         <path>/home/mod/ti/ccsv7/tools/compiler/ti-cgt-arm_16.9.1.LTS/lib/</path>
         <kind>archive</kind>
         <file>rtsv7A8_A_le_eabi.lib</file>
         <name>strlen.obj</name>
      </input_file>
      <input_file id="fl-d9">
         <path>/home/mod/ti/ccsv7/tools/compiler/ti-cgt-arm_16.9.1.LTS/lib/</path>
         <kind>archive</kind>
         <file>rtsv7A8_A_le_eabi.lib</file>
         <name>strncpy.obj</name>
      </input_file>
      <input_file id="fl-da">
         <path>/home/mod/ti/ccsv7/tools/compiler/ti-cgt-arm_16.9.1.LTS/lib/</path>
         <kind>archive</kind>
         <file>rtsv7A8_A_le_eabi.lib</file>
         <name>trgdrv.obj</name>
      </input_file>
      <input_file id="fl-db">
         <path>/home/mod/ti/ccsv7/tools/compiler/ti-cgt-arm_16.9.1.LTS/lib/</path>
         <kind>archive</kind>
         <file>rtsv7A8_A_le_eabi.lib</file>
         <name>trgmsg.obj</name>
      </input_file>
      <input_file id="fl-dc">
         <path>/home/mod/ti/ccsv7/tools/compiler/ti-cgt-arm_16.9.1.LTS/lib/</path>
         <kind>archive</kind>
         <file>rtsv7A8_A_le_eabi.lib</file>
         <name>u_div32.obj</name>
      </input_file>
      <input_file id="fl-dd">
         <path>/home/mod/ti/ccsv7/tools/compiler/ti-cgt-arm_16.9.1.LTS/lib/</path>
         <kind>archive</kind>
         <file>rtsv7A8_A_le_eabi.lib</file>
         <name>ull_div32.obj</name>
      </input_file>
      <input_file id="fl-de">
         <path>/home/mod/ti/ccsv7/tools/compiler/ti-cgt-arm_16.9.1.LTS/lib/</path>
         <kind>archive</kind>
         <file>rtsv7A8_A_le_eabi.lib</file>
         <name>atoi.obj</name>
      </input_file>
      <input_file id="fl-df">
         <path>/home/mod/ti/ccsv7/tools/compiler/ti-cgt-arm_16.9.1.LTS/lib/</path>
         <kind>archive</kind>
         <file>rtsv7A8_A_le_eabi.lib</file>
         <name>ctype.obj</name>
      </input_file>
      <input_file id="fl-e0">
         <path>/home/mod/ti/ccsv7/tools/compiler/ti-cgt-arm_16.9.1.LTS/lib/</path>
         <kind>archive</kind>
         <file>rtsv7A8_A_le_eabi.lib</file>
         <name>errno.obj</name>
      </input_file>
      <input_file id="fl-e1">
         <path>/home/mod/ti/ccsv7/tools/compiler/ti-cgt-arm_16.9.1.LTS/lib/</path>
         <kind>archive</kind>
         <file>rtsv7A8_A_le_eabi.lib</file>
         <name>fd_add32.obj</name>
      </input_file>
      <input_file id="fl-e2">
         <path>/home/mod/ti/ccsv7/tools/compiler/ti-cgt-arm_16.9.1.LTS/lib/</path>
         <kind>archive</kind>
         <file>rtsv7A8_A_le_eabi.lib</file>
         <name>fd_cmp32.obj</name>
      </input_file>
      <input_file id="fl-e3">
         <path>/home/mod/ti/ccsv7/tools/compiler/ti-cgt-arm_16.9.1.LTS/lib/</path>
         <kind>archive</kind>
         <file>rtsv7A8_A_le_eabi.lib</file>
         <name>fd_div32.obj</name>
      </input_file>
      <input_file id="fl-e4">
         <path>/home/mod/ti/ccsv7/tools/compiler/ti-cgt-arm_16.9.1.LTS/lib/</path>
         <kind>archive</kind>
         <file>rtsv7A8_A_le_eabi.lib</file>
         <name>fd_mul32.obj</name>
      </input_file>
      <input_file id="fl-e5">
         <path>/home/mod/ti/ccsv7/tools/compiler/ti-cgt-arm_16.9.1.LTS/lib/</path>
         <kind>archive</kind>
         <file>rtsv7A8_A_le_eabi.lib</file>
         <name>fd_toi32.obj</name>
      </input_file>
      <input_file id="fl-e6">
         <path>/home/mod/ti/ccsv7/tools/compiler/ti-cgt-arm_16.9.1.LTS/lib/</path>
         <kind>archive</kind>
         <file>rtsv7A8_A_le_eabi.lib</file>
         <name>fflush.obj</name>
      </input_file>
      <input_file id="fl-e7">
         <path>/home/mod/ti/ccsv7/tools/compiler/ti-cgt-arm_16.9.1.LTS/lib/</path>
         <kind>archive</kind>
         <file>rtsv7A8_A_le_eabi.lib</file>
         <name>fopen.obj</name>
      </input_file>
      <input_file id="fl-e8">
         <path>/home/mod/ti/ccsv7/tools/compiler/ti-cgt-arm_16.9.1.LTS/lib/</path>
         <kind>archive</kind>
         <file>rtsv7A8_A_le_eabi.lib</file>
         <name>fseek.obj</name>
      </input_file>
      <input_file id="fl-e9">
         <path>/home/mod/ti/ccsv7/tools/compiler/ti-cgt-arm_16.9.1.LTS/lib/</path>
         <kind>archive</kind>
         <file>rtsv7A8_A_le_eabi.lib</file>
         <name>i_div0.obj</name>
      </input_file>
      <input_file id="fl-ea">
         <path>/home/mod/ti/ccsv7/tools/compiler/ti-cgt-arm_16.9.1.LTS/lib/</path>
         <kind>archive</kind>
         <file>rtsv7A8_A_le_eabi.lib</file>
         <name>i_tofd32.obj</name>
      </input_file>
      <input_file id="fl-eb">
         <path>/home/mod/ti/ccsv7/tools/compiler/ti-cgt-arm_16.9.1.LTS/lib/</path>
         <kind>archive</kind>
         <file>rtsv7A8_A_le_eabi.lib</file>
         <name>ltoa.obj</name>
      </input_file>
      <input_file id="fl-ec">
         <path>/home/mod/ti/ccsv7/tools/compiler/ti-cgt-arm_16.9.1.LTS/lib/</path>
         <kind>archive</kind>
         <file>rtsv7A8_A_le_eabi.lib</file>
         <name>memccpy.obj</name>
      </input_file>
      <input_file id="fl-ed">
         <path>/home/mod/ti/ccsv7/tools/compiler/ti-cgt-arm_16.9.1.LTS/lib/</path>
         <kind>archive</kind>
         <file>rtsv7A8_A_le_eabi.lib</file>
         <name>memory.obj</name>
      </input_file>
      <input_file id="fl-ee">
         <path>/home/mod/ti/ccsv7/tools/compiler/ti-cgt-arm_16.9.1.LTS/lib/</path>
         <kind>archive</kind>
         <file>rtsv7A8_A_le_eabi.lib</file>
         <name>s_copysign.obj</name>
      </input_file>
      <input_file id="fl-ef">
         <path>/home/mod/ti/ccsv7/tools/compiler/ti-cgt-arm_16.9.1.LTS/lib/</path>
         <kind>archive</kind>
         <file>rtsv7A8_A_le_eabi.lib</file>
         <name>strcpy.obj</name>
      </input_file>
      <input_file id="fl-f0">
         <path>/home/mod/ti/ccsv7/tools/compiler/ti-cgt-arm_16.9.1.LTS/lib/</path>
         <kind>archive</kind>
         <file>rtsv7A8_A_le_eabi.lib</file>
         <name>fclose.obj</name>
      </input_file>
      <input_file id="fl-f1">
         <path>/home/mod/ti/ccsv7/tools/compiler/ti-cgt-arm_16.9.1.LTS/lib/</path>
         <kind>archive</kind>
         <file>rtsv7A8_A_le_eabi.lib</file>
         <name>i_div32.obj</name>
      </input_file>
      <input_file id="fl-f2">
         <path>/home/mod/ti/ccsv7/tools/compiler/ti-cgt-arm_16.9.1.LTS/lib/</path>
         <kind>archive</kind>
         <file>rtsv7A8_A_le_eabi.lib</file>
         <name>remove.obj</name>
      </input_file>
   </input_file_list>
   <object_component_list>
      <object_component id="oc-106">
         <name>.text</name>
         <load_address>0x40200000</load_address>
         <run_address>0x40200000</run_address>
         <size>0x19ec</size>
         <input_file_ref idref="fl-d1"/>
      </object_component>
      <object_component id="oc-219">
         <name>.text</name>
         <load_address>0x402019ec</load_address>
         <run_address>0x402019ec</run_address>
         <size>0x638</size>
         <input_file_ref idref="fl-ed"/>
      </object_component>
      <object_component id="oc-125">
         <name>.text</name>
         <load_address>0x40202024</load_address>
         <run_address>0x40202024</run_address>
         <size>0x55c</size>
         <input_file_ref idref="fl-cf"/>
      </object_component>
      <object_component id="oc-236">
         <name>.text</name>
         <load_address>0x40202580</load_address>
         <run_address>0x40202580</run_address>
         <size>0x550</size>
         <input_file_ref idref="fl-da"/>
      </object_component>
      <object_component id="oc-21f">
         <name>.text</name>
         <load_address>0x40202ad0</load_address>
         <run_address>0x40202ad0</run_address>
         <size>0x2d4</size>
         <input_file_ref idref="fl-e7"/>
      </object_component>
      <object_component id="oc-13b">
         <name>.text</name>
         <load_address>0x40202da4</load_address>
         <run_address>0x40202da4</run_address>
         <size>0x2b8</size>
         <input_file_ref idref="fl-dd"/>
      </object_component>
      <object_component id="oc-169">
         <name>.text</name>
         <load_address>0x4020305c</load_address>
         <run_address>0x4020305c</run_address>
         <size>0x214</size>
         <input_file_ref idref="fl-e1"/>
      </object_component>
      <object_component id="oc-100">
         <name>.text</name>
         <load_address>0x40203270</load_address>
         <run_address>0x40203270</run_address>
         <size>0x1c8</size>
         <input_file_ref idref="fl-cd"/>
      </object_component>
      <object_component id="oc-14f">
         <name>.text</name>
         <load_address>0x40203438</load_address>
         <run_address>0x40203438</run_address>
         <size>0x190</size>
         <input_file_ref idref="fl-e3"/>
      </object_component>
      <object_component id="oc-3e">
         <name>.text</name>
         <load_address>0x402035c8</load_address>
         <run_address>0x402035c8</run_address>
         <size>0x180</size>
         <input_file_ref idref="fl-c2"/>
      </object_component>
      <object_component id="oc-1af">
         <name>.text</name>
         <load_address>0x40203748</load_address>
         <run_address>0x40203748</run_address>
         <size>0x158</size>
         <input_file_ref idref="fl-d2"/>
      </object_component>
      <object_component id="oc-11f">
         <name>.text</name>
         <load_address>0x402038a0</load_address>
         <run_address>0x402038a0</run_address>
         <size>0x130</size>
         <input_file_ref idref="fl-e6"/>
      </object_component>
      <object_component id="oc-14a">
         <name>.text</name>
         <load_address>0x402039d0</load_address>
         <run_address>0x402039d0</run_address>
         <size>0x128</size>
         <input_file_ref idref="fl-e4"/>
      </object_component>
      <object_component id="oc-119">
         <name>.text</name>
         <load_address>0x40203af8</load_address>
         <run_address>0x40203af8</run_address>
         <size>0x118</size>
         <input_file_ref idref="fl-ce"/>
      </object_component>
      <object_component id="oc-174">
         <name>.text</name>
         <load_address>0x40203c10</load_address>
         <run_address>0x40203c10</run_address>
         <size>0x118</size>
         <input_file_ref idref="fl-d4"/>
      </object_component>
      <object_component id="oc-1e8">
         <name>.text</name>
         <load_address>0x40203d28</load_address>
         <run_address>0x40203d28</run_address>
         <size>0x114</size>
         <input_file_ref idref="fl-f1"/>
      </object_component>
      <object_component id="oc-fa">
         <name>.text</name>
         <load_address>0x40203e3c</load_address>
         <run_address>0x40203e3c</run_address>
         <size>0x100</size>
         <input_file_ref idref="fl-cc"/>
      </object_component>
      <object_component id="oc-263">
         <name>.text</name>
         <load_address>0x40203f3c</load_address>
         <run_address>0x40203f3c</run_address>
         <size>0xfc</size>
         <input_file_ref idref="fl-f0"/>
      </object_component>
      <object_component id="oc-140">
         <name>.text</name>
         <load_address>0x40204038</load_address>
         <run_address>0x40204038</run_address>
         <size>0xf0</size>
         <input_file_ref idref="fl-dc"/>
      </object_component>
      <object_component id="oc-145">
         <name>.text:__aeabi_cdcmple</name>
         <load_address>0x40204128</load_address>
         <run_address>0x40204128</run_address>
         <size>0xe0</size>
         <input_file_ref idref="fl-e2"/>
      </object_component>
      <object_component id="oc-154">
         <name>.text:__aeabi_cdrcmple</name>
         <load_address>0x40204208</load_address>
         <run_address>0x40204208</run_address>
         <size>0xe0</size>
         <input_file_ref idref="fl-e2"/>
      </object_component>
      <object_component id="oc-4a">
         <name>.text</name>
         <load_address>0x402042e8</load_address>
         <run_address>0x402042e8</run_address>
         <size>0xb0</size>
         <input_file_ref idref="fl-c3"/>
      </object_component>
      <object_component id="oc-62">
         <name>.text</name>
         <load_address>0x40204398</load_address>
         <run_address>0x40204398</run_address>
         <size>0xa8</size>
         <input_file_ref idref="fl-c9"/>
      </object_component>
      <object_component id="oc-1a9">
         <name>.text</name>
         <load_address>0x40204440</load_address>
         <run_address>0x40204440</run_address>
         <size>0xa8</size>
         <input_file_ref idref="fl-e8"/>
      </object_component>
      <object_component id="oc-d2">
         <name>.text</name>
         <load_address>0x402044e8</load_address>
         <run_address>0x402044e8</run_address>
         <size>0xa4</size>
         <input_file_ref idref="fl-c6"/>
      </object_component>
      <object_component id="oc-272">
         <name>.text</name>
         <load_address>0x4020458c</load_address>
         <run_address>0x4020458c</run_address>
         <size>0xa4</size>
         <input_file_ref idref="fl-db"/>
      </object_component>
      <object_component id="oc-18">
         <name>.text:decompress:lzss</name>
         <load_address>0x40204630</load_address>
         <run_address>0x40204630</run_address>
         <size>0x90</size>
         <input_file_ref idref="fl-bd"/>
      </object_component>
      <object_component id="oc-6e">
         <name>.text</name>
         <load_address>0x402046c0</load_address>
         <run_address>0x402046c0</run_address>
         <size>0x90</size>
         <input_file_ref idref="fl-c0"/>
      </object_component>
      <object_component id="oc-180">
         <name>.text</name>
         <load_address>0x40204750</load_address>
         <run_address>0x40204750</run_address>
         <size>0x84</size>
         <input_file_ref idref="fl-de"/>
      </object_component>
      <object_component id="oc-94">
         <name>.text</name>
         <load_address>0x402047d4</load_address>
         <run_address>0x402047d4</run_address>
         <size>0x84</size>
         <input_file_ref idref="fl-ca"/>
      </object_component>
      <object_component id="oc-15e">
         <name>.text</name>
         <load_address>0x40204858</load_address>
         <run_address>0x40204858</run_address>
         <size>0x80</size>
         <input_file_ref idref="fl-eb"/>
      </object_component>
      <object_component id="oc-16e">
         <name>.text</name>
         <load_address>0x402048d8</load_address>
         <run_address>0x402048d8</run_address>
         <size>0x7c</size>
         <input_file_ref idref="fl-d3"/>
      </object_component>
      <object_component id="oc-159">
         <name>.text</name>
         <load_address>0x40204954</load_address>
         <run_address>0x40204954</run_address>
         <size>0x5c</size>
         <input_file_ref idref="fl-e5"/>
      </object_component>
      <object_component id="oc-2a">
         <name>.text</name>
         <load_address>0x402049b0</load_address>
         <run_address>0x402049b0</run_address>
         <size>0x58</size>
         <input_file_ref idref="fl-bc"/>
      </object_component>
      <object_component id="oc-1c2">
         <name>.text</name>
         <load_address>0x40204a08</load_address>
         <run_address>0x40204a08</run_address>
         <size>0x48</size>
         <input_file_ref idref="fl-d9"/>
      </object_component>
      <object_component id="oc-164">
         <name>.text</name>
         <load_address>0x40204a50</load_address>
         <run_address>0x40204a50</run_address>
         <size>0x3c</size>
         <input_file_ref idref="fl-ea"/>
      </object_component>
      <object_component id="oc-186">
         <name>.text</name>
         <load_address>0x40204a8c</load_address>
         <run_address>0x40204a8c</run_address>
         <size>0x2c</size>
         <input_file_ref idref="fl-ec"/>
      </object_component>
      <object_component id="oc-133">
         <name>.text</name>
         <load_address>0x40204ab8</load_address>
         <run_address>0x40204ab8</run_address>
         <size>0x2c</size>
         <input_file_ref idref="fl-d0"/>
      </object_component>
      <object_component id="oc-17a">
         <name>.text</name>
         <load_address>0x40204ae4</load_address>
         <run_address>0x40204ae4</run_address>
         <size>0x28</size>
         <input_file_ref idref="fl-d6"/>
      </object_component>
      <object_component id="oc-1bc">
         <name>.text</name>
         <load_address>0x40204b0c</load_address>
         <run_address>0x40204b0c</run_address>
         <size>0x28</size>
         <input_file_ref idref="fl-d7"/>
      </object_component>
      <object_component id="oc-a2">
         <name>.text</name>
         <load_address>0x40204b34</load_address>
         <run_address>0x40204b34</run_address>
         <size>0x24</size>
         <input_file_ref idref="fl-2"/>
      </object_component>
      <object_component id="oc-e2">
         <name>.text</name>
         <load_address>0x40204b58</load_address>
         <run_address>0x40204b58</run_address>
         <size>0x24</size>
         <input_file_ref idref="fl-c1"/>
      </object_component>
      <object_component id="oc-68">
         <name>.text</name>
         <load_address>0x40204b7c</load_address>
         <run_address>0x40204b7c</run_address>
         <size>0x20</size>
         <input_file_ref idref="fl-c8"/>
      </object_component>
      <object_component id="oc-12d">
         <name>.text</name>
         <load_address>0x40204b9c</load_address>
         <run_address>0x40204b9c</run_address>
         <size>0x1c</size>
         <input_file_ref idref="fl-d8"/>
      </object_component>
      <object_component id="oc-278">
         <name>.text</name>
         <load_address>0x40204bb8</load_address>
         <run_address>0x40204bb8</run_address>
         <size>0x18</size>
         <input_file_ref idref="fl-ef"/>
      </object_component>
      <object_component id="oc-1e">
         <name>.text:decompress:none</name>
         <load_address>0x40204bd0</load_address>
         <run_address>0x40204bd0</run_address>
         <size>0x14</size>
         <input_file_ref idref="fl-be"/>
      </object_component>
      <object_component id="oc-24">
         <name>.text:decompress:ZI</name>
         <load_address>0x40204be4</load_address>
         <run_address>0x40204be4</run_address>
         <size>0x10</size>
         <input_file_ref idref="fl-bf"/>
      </object_component>
      <object_component id="oc-1f8">
         <name>.text</name>
         <load_address>0x40204bf4</load_address>
         <run_address>0x40204bf4</run_address>
         <size>0x10</size>
         <input_file_ref idref="fl-ee"/>
      </object_component>
      <object_component id="oc-5c">
         <name>.text</name>
         <load_address>0x40204c04</load_address>
         <run_address>0x40204c04</run_address>
         <size>0x8</size>
         <input_file_ref idref="fl-c5"/>
      </object_component>
      <object_component id="oc-1dc">
         <name>.text</name>
         <load_address>0x40204c0c</load_address>
         <run_address>0x40204c0c</run_address>
         <size>0x4</size>
         <input_file_ref idref="fl-e9"/>
      </object_component>
      <object_component id="oc-56">
         <name>.text</name>
         <load_address>0x40204c10</load_address>
         <run_address>0x40204c10</run_address>
         <size>0x4</size>
         <input_file_ref idref="fl-c4"/>
      </object_component>
      <object_component id="oc-9a">
         <name>.text</name>
         <load_address>0x40204c14</load_address>
         <run_address>0x40204c14</run_address>
         <size>0x4</size>
         <input_file_ref idref="fl-d5"/>
      </object_component>
      <object_component id="oc-2f">
         <name>.stack</name>
         <uninitialized>true</uninitialized>
         <run_address>0x40204c18</run_address>
         <size>0x0</size>
         <input_file_ref idref="fl-bc"/>
      </object_component>
      <object_component id="oc-2d1">
         <name>.stack</name>
         <uninitialized>true</uninitialized>
         <run_address>0x40204c18</run_address>
         <size>0x0</size>
      </object_component>
      <object_component id="oc-27e">
         <name>.bss:parmbuf</name>
         <uninitialized>true</uninitialized>
         <run_address>0x40205fd4</run_address>
         <size>0x8</size>
         <input_file_ref idref="fl-da"/>
      </object_component>
      <object_component id="oc-291">
         <name>.bss:_CIOBUF_</name>
         <uninitialized>true</uninitialized>
         <run_address>0x40205e14</run_address>
         <size>0x120</size>
         <input_file_ref idref="fl-db"/>
      </object_component>
      <object_component id="oc-28c">
         <name>.common:__TI_tmpnams</name>
         <uninitialized>true</uninitialized>
         <run_address>0x40205f34</run_address>
         <size>0xa0</size>
      </object_component>
      <object_component id="oc-205">
         <name>.const:.string:_ctypes_</name>
         <load_address>0x40205fdc</load_address>
         <run_address>0x40205fdc</run_address>
         <size>0x101</size>
         <input_file_ref idref="fl-df"/>
      </object_component>
      <object_component id="oc-aa">
         <name>.data:$O1$$</name>
         <load_address>0x40205de8</load_address>
         <run_address>0x40205de8</run_address>
         <size>0xc</size>
         <input_file_ref idref="fl-c0"/>
      </object_component>
      <object_component id="oc-ad">
         <name>.data:$O1$$</name>
         <load_address>0x40205e00</load_address>
         <run_address>0x40205e00</run_address>
         <size>0x8</size>
         <input_file_ref idref="fl-c1"/>
      </object_component>
      <object_component id="oc-74">
         <name>.data</name>
         <load_address>0x40205e10</load_address>
         <run_address>0x40205e10</run_address>
         <size>0x4</size>
         <input_file_ref idref="fl-c7"/>
      </object_component>
      <object_component id="oc-10c">
         <name>.data:_ftable</name>
         <load_address>0x40205c18</load_address>
         <run_address>0x40205c18</run_address>
         <size>0xf0</size>
         <input_file_ref idref="fl-cb"/>
      </object_component>
      <object_component id="oc-1b7">
         <name>.data</name>
         <load_address>0x40205dd8</load_address>
         <run_address>0x40205dd8</run_address>
         <size>0x10</size>
         <input_file_ref idref="fl-cb"/>
      </object_component>
      <object_component id="oc-1c8">
         <name>.data:$O1$$</name>
         <load_address>0x40205d08</load_address>
         <run_address>0x40205d08</run_address>
         <size>0xd0</size>
         <input_file_ref idref="fl-cf"/>
      </object_component>
      <object_component id="oc-1fe">
         <name>.data</name>
         <load_address>0x40205e08</load_address>
         <run_address>0x40205e08</run_address>
         <size>0x4</size>
         <input_file_ref idref="fl-e0"/>
      </object_component>
      <object_component id="oc-269">
         <name>.data</name>
         <load_address>0x40205e0c</load_address>
         <run_address>0x40205e0c</run_address>
         <size>0x4</size>
         <input_file_ref idref="fl-e7"/>
      </object_component>
      <object_component id="oc-25f">
         <name>.data:$O1$$</name>
         <load_address>0x40205df4</load_address>
         <run_address>0x40205df4</run_address>
         <size>0xc</size>
         <input_file_ref idref="fl-ed"/>
      </object_component>
      <object_component id="oc-30">
         <name>.sysmem</name>
         <uninitialized>true</uninitialized>
         <run_address>0x40205418</run_address>
         <size>0x8</size>
         <input_file_ref idref="fl-ed"/>
      </object_component>
      <object_component id="oc-2d2">
         <name>.sysmem</name>
         <uninitialized>true</uninitialized>
         <run_address>0x40205418</run_address>
         <size>0x0</size>
      </object_component>
      <object_component id="oc-2d0">
         <name>.cinit..data.load</name>
         <load_address>0x402060e0</load_address>
         <run_address>0x402060e0</run_address>
         <size>0x74</size>
      </object_component>
      <object_component id="oc-2cd">
         <name>__TI_handler_table</name>
         <load_address>0x40206154</load_address>
         <run_address>0x40206154</run_address>
         <size>0xc</size>
      </object_component>
      <object_component id="oc-2cf">
         <name>.cinit..bss.load</name>
         <load_address>0x40206160</load_address>
         <run_address>0x40206160</run_address>
         <size>0x8</size>
      </object_component>
      <object_component id="oc-2ce">
         <name>__TI_cinit_table</name>
         <load_address>0x40206168</load_address>
         <run_address>0x40206168</run_address>
         <size>0x10</size>
      </object_component>
      <object_component id="oc-1a8">
         <name>.debug_info</name>
         <load_address>0x0</load_address>
         <run_address>0x0</run_address>
         <size>0xe2</size>
         <input_file_ref idref="fl-2"/>
      </object_component>
      <object_component id="oc-a3">
         <name>.debug_info</name>
         <load_address>0xe2</load_address>
         <run_address>0xe2</run_address>
         <size>0x106</size>
         <input_file_ref idref="fl-2"/>
      </object_component>
      <object_component id="oc-39">
         <name>.debug_info</name>
         <load_address>0x1e8</load_address>
         <run_address>0x1e8</run_address>
         <size>0x84</size>
         <input_file_ref idref="fl-2"/>
      </object_component>
      <object_component id="oc-111">
         <name>.debug_info</name>
         <load_address>0x26c</load_address>
         <run_address>0x26c</run_address>
         <size>0x4e</size>
         <input_file_ref idref="fl-2"/>
      </object_component>
      <object_component id="oc-2d">
         <name>.debug_info</name>
         <load_address>0x2ba</load_address>
         <run_address>0x2ba</run_address>
         <size>0x142</size>
         <input_file_ref idref="fl-bc"/>
      </object_component>
      <object_component id="oc-81">
         <name>.debug_info</name>
         <load_address>0x3fc</load_address>
         <run_address>0x3fc</run_address>
         <size>0xdb</size>
         <input_file_ref idref="fl-bd"/>
      </object_component>
      <object_component id="oc-1a">
         <name>.debug_info</name>
         <load_address>0x4d7</load_address>
         <run_address>0x4d7</run_address>
         <size>0x227</size>
         <input_file_ref idref="fl-bd"/>
      </object_component>
      <object_component id="oc-34">
         <name>.debug_info</name>
         <load_address>0x6fe</load_address>
         <run_address>0x6fe</run_address>
         <size>0x60</size>
         <input_file_ref idref="fl-bd"/>
      </object_component>
      <object_component id="oc-7c">
         <name>.debug_info</name>
         <load_address>0x75e</load_address>
         <run_address>0x75e</run_address>
         <size>0x46</size>
         <input_file_ref idref="fl-bd"/>
      </object_component>
      <object_component id="oc-49">
         <name>.debug_info</name>
         <load_address>0x7a4</load_address>
         <run_address>0x7a4</run_address>
         <size>0x122</size>
         <input_file_ref idref="fl-be"/>
      </object_component>
      <object_component id="oc-1f">
         <name>.debug_info</name>
         <load_address>0x8c6</load_address>
         <run_address>0x8c6</run_address>
         <size>0x1c1</size>
         <input_file_ref idref="fl-be"/>
      </object_component>
      <object_component id="oc-44">
         <name>.debug_info</name>
         <load_address>0xa87</load_address>
         <run_address>0xa87</run_address>
         <size>0x46</size>
         <input_file_ref idref="fl-be"/>
      </object_component>
      <object_component id="oc-83">
         <name>.debug_info</name>
         <load_address>0xacd</load_address>
         <run_address>0xacd</run_address>
         <size>0x2c</size>
         <input_file_ref idref="fl-be"/>
      </object_component>
      <object_component id="oc-55">
         <name>.debug_info</name>
         <load_address>0xaf9</load_address>
         <run_address>0xaf9</run_address>
         <size>0x111</size>
         <input_file_ref idref="fl-bf"/>
      </object_component>
      <object_component id="oc-25">
         <name>.debug_info</name>
         <load_address>0xc0a</load_address>
         <run_address>0xc0a</run_address>
         <size>0x18c</size>
         <input_file_ref idref="fl-bf"/>
      </object_component>
      <object_component id="oc-50">
         <name>.debug_info</name>
         <load_address>0xd96</load_address>
         <run_address>0xd96</run_address>
         <size>0x46</size>
         <input_file_ref idref="fl-bf"/>
      </object_component>
      <object_component id="oc-8b">
         <name>.debug_info</name>
         <load_address>0xddc</load_address>
         <run_address>0xddc</run_address>
         <size>0x2c</size>
         <input_file_ref idref="fl-bf"/>
      </object_component>
      <object_component id="oc-b1">
         <name>.debug_info</name>
         <load_address>0xe08</load_address>
         <run_address>0xe08</run_address>
         <size>0x216</size>
         <input_file_ref idref="fl-c0"/>
      </object_component>
      <object_component id="oc-ab">
         <name>.debug_info</name>
         <load_address>0x101e</load_address>
         <run_address>0x101e</run_address>
         <size>0x167</size>
         <input_file_ref idref="fl-c0"/>
      </object_component>
      <object_component id="oc-6f">
         <name>.debug_info</name>
         <load_address>0x1185</load_address>
         <run_address>0x1185</run_address>
         <size>0x1f6</size>
         <input_file_ref idref="fl-c0"/>
      </object_component>
      <object_component id="oc-ea">
         <name>.debug_info</name>
         <load_address>0x137b</load_address>
         <run_address>0x137b</run_address>
         <size>0x106</size>
         <input_file_ref idref="fl-c1"/>
      </object_component>
      <object_component id="oc-ae">
         <name>.debug_info</name>
         <load_address>0x1481</load_address>
         <run_address>0x1481</run_address>
         <size>0xf5</size>
         <input_file_ref idref="fl-c1"/>
      </object_component>
      <object_component id="oc-e3">
         <name>.debug_info</name>
         <load_address>0x1576</load_address>
         <run_address>0x1576</run_address>
         <size>0x201</size>
         <input_file_ref idref="fl-c1"/>
      </object_component>
      <object_component id="oc-3f">
         <name>.debug_info</name>
         <load_address>0x1777</load_address>
         <run_address>0x1777</run_address>
         <size>0x15e</size>
         <input_file_ref idref="fl-c2"/>
      </object_component>
      <object_component id="oc-4b">
         <name>.debug_info</name>
         <load_address>0x18d5</load_address>
         <run_address>0x18d5</run_address>
         <size>0x126</size>
         <input_file_ref idref="fl-c3"/>
      </object_component>
      <object_component id="oc-57">
         <name>.debug_info</name>
         <load_address>0x19fb</load_address>
         <run_address>0x19fb</run_address>
         <size>0x11a</size>
         <input_file_ref idref="fl-c4"/>
      </object_component>
      <object_component id="oc-5d">
         <name>.debug_info</name>
         <load_address>0x1b15</load_address>
         <run_address>0x1b15</run_address>
         <size>0x12a</size>
         <input_file_ref idref="fl-c5"/>
      </object_component>
      <object_component id="oc-110">
         <name>.debug_info</name>
         <load_address>0x1c3f</load_address>
         <run_address>0x1c3f</run_address>
         <size>0x20e</size>
         <input_file_ref idref="fl-c6"/>
      </object_component>
      <object_component id="oc-d3">
         <name>.debug_info</name>
         <load_address>0x1e4d</load_address>
         <run_address>0x1e4d</run_address>
         <size>0x266</size>
         <input_file_ref idref="fl-c6"/>
      </object_component>
      <object_component id="oc-1a3">
         <name>.debug_info</name>
         <load_address>0x20b3</load_address>
         <run_address>0x20b3</run_address>
         <size>0xae</size>
         <input_file_ref idref="fl-c6"/>
      </object_component>
      <object_component id="oc-75">
         <name>.debug_info</name>
         <load_address>0x2161</load_address>
         <run_address>0x2161</run_address>
         <size>0xeb</size>
         <input_file_ref idref="fl-c7"/>
      </object_component>
      <object_component id="oc-a9">
         <name>.debug_info</name>
         <load_address>0x224c</load_address>
         <run_address>0x224c</run_address>
         <size>0x148</size>
         <input_file_ref idref="fl-c8"/>
      </object_component>
      <object_component id="oc-69">
         <name>.debug_info</name>
         <load_address>0x2394</load_address>
         <run_address>0x2394</run_address>
         <size>0x149</size>
         <input_file_ref idref="fl-c8"/>
      </object_component>
      <object_component id="oc-db">
         <name>.debug_info</name>
         <load_address>0x24dd</load_address>
         <run_address>0x24dd</run_address>
         <size>0x5e</size>
         <input_file_ref idref="fl-c8"/>
      </object_component>
      <object_component id="oc-a1">
         <name>.debug_info</name>
         <load_address>0x253b</load_address>
         <run_address>0x253b</run_address>
         <size>0x2cb</size>
         <input_file_ref idref="fl-c9"/>
      </object_component>
      <object_component id="oc-63">
         <name>.debug_info</name>
         <load_address>0x2806</load_address>
         <run_address>0x2806</run_address>
         <size>0x172</size>
         <input_file_ref idref="fl-c9"/>
      </object_component>
      <object_component id="oc-c8">
         <name>.debug_info</name>
         <load_address>0x2978</load_address>
         <run_address>0x2978</run_address>
         <size>0x39</size>
         <input_file_ref idref="fl-c9"/>
      </object_component>
      <object_component id="oc-f5">
         <name>.debug_info</name>
         <load_address>0x29b1</load_address>
         <run_address>0x29b1</run_address>
         <size>0x39</size>
         <input_file_ref idref="fl-c9"/>
      </object_component>
      <object_component id="oc-cd">
         <name>.debug_info</name>
         <load_address>0x29ea</load_address>
         <run_address>0x29ea</run_address>
         <size>0xcd</size>
         <input_file_ref idref="fl-c9"/>
      </object_component>
      <object_component id="oc-c4">
         <name>.debug_info</name>
         <load_address>0x2ab7</load_address>
         <run_address>0x2ab7</run_address>
         <size>0x1c2</size>
         <input_file_ref idref="fl-ca"/>
      </object_component>
      <object_component id="oc-95">
         <name>.debug_info</name>
         <load_address>0x2c79</load_address>
         <run_address>0x2c79</run_address>
         <size>0x165</size>
         <input_file_ref idref="fl-ca"/>
      </object_component>
      <object_component id="oc-f0">
         <name>.debug_info</name>
         <load_address>0x2dde</load_address>
         <run_address>0x2dde</run_address>
         <size>0x2c</size>
         <input_file_ref idref="fl-ca"/>
      </object_component>
      <object_component id="oc-19f">
         <name>.debug_info</name>
         <load_address>0x2e0a</load_address>
         <run_address>0x2e0a</run_address>
         <size>0x11b</size>
         <input_file_ref idref="fl-cb"/>
      </object_component>
      <object_component id="oc-10d">
         <name>.debug_info</name>
         <load_address>0x2f25</load_address>
         <run_address>0x2f25</run_address>
         <size>0xd9</size>
         <input_file_ref idref="fl-cb"/>
      </object_component>
      <object_component id="oc-1b8">
         <name>.debug_info</name>
         <load_address>0x2ffe</load_address>
         <run_address>0x2ffe</run_address>
         <size>0x166</size>
         <input_file_ref idref="fl-cb"/>
      </object_component>
      <object_component id="oc-12c">
         <name>.debug_info</name>
         <load_address>0x3164</load_address>
         <run_address>0x3164</run_address>
         <size>0x1c0</size>
         <input_file_ref idref="fl-cc"/>
      </object_component>
      <object_component id="oc-fb">
         <name>.debug_info</name>
         <load_address>0x3324</load_address>
         <run_address>0x3324</run_address>
         <size>0x221</size>
         <input_file_ref idref="fl-cc"/>
      </object_component>
      <object_component id="oc-13a">
         <name>.debug_info</name>
         <load_address>0x3545</load_address>
         <run_address>0x3545</run_address>
         <size>0x284</size>
         <input_file_ref idref="fl-cd"/>
      </object_component>
      <object_component id="oc-101">
         <name>.debug_info</name>
         <load_address>0x37c9</load_address>
         <run_address>0x37c9</run_address>
         <size>0x32d</size>
         <input_file_ref idref="fl-cd"/>
      </object_component>
      <object_component id="oc-1b6">
         <name>.debug_info</name>
         <load_address>0x3af6</load_address>
         <run_address>0x3af6</run_address>
         <size>0x133</size>
         <input_file_ref idref="fl-ce"/>
      </object_component>
      <object_component id="oc-11a">
         <name>.debug_info</name>
         <load_address>0x3c29</load_address>
         <run_address>0x3c29</run_address>
         <size>0x212</size>
         <input_file_ref idref="fl-ce"/>
      </object_component>
      <object_component id="oc-227">
         <name>.debug_info</name>
         <load_address>0x3e3b</load_address>
         <run_address>0x3e3b</run_address>
         <size>0xbb</size>
         <input_file_ref idref="fl-ce"/>
      </object_component>
      <object_component id="oc-1cc">
         <name>.debug_info</name>
         <load_address>0x3ef6</load_address>
         <run_address>0x3ef6</run_address>
         <size>0x482</size>
         <input_file_ref idref="fl-cf"/>
      </object_component>
      <object_component id="oc-1c9">
         <name>.debug_info</name>
         <load_address>0x4378</load_address>
         <run_address>0x4378</run_address>
         <size>0xf8</size>
         <input_file_ref idref="fl-cf"/>
      </object_component>
      <object_component id="oc-126">
         <name>.debug_info</name>
         <load_address>0x4470</load_address>
         <run_address>0x4470</run_address>
         <size>0xaed</size>
         <input_file_ref idref="fl-cf"/>
      </object_component>
      <object_component id="oc-240">
         <name>.debug_info</name>
         <load_address>0x4f5d</load_address>
         <run_address>0x4f5d</run_address>
         <size>0x120</size>
         <input_file_ref idref="fl-cf"/>
      </object_component>
      <object_component id="oc-198">
         <name>.debug_info</name>
         <load_address>0x507d</load_address>
         <run_address>0x507d</run_address>
         <size>0x2c</size>
         <input_file_ref idref="fl-cf"/>
      </object_component>
      <object_component id="oc-1ce">
         <name>.debug_info</name>
         <load_address>0x50a9</load_address>
         <run_address>0x50a9</run_address>
         <size>0x2c</size>
         <input_file_ref idref="fl-cf"/>
      </object_component>
      <object_component id="oc-1d8">
         <name>.debug_info</name>
         <load_address>0x50d5</load_address>
         <run_address>0x50d5</run_address>
         <size>0xe2</size>
         <input_file_ref idref="fl-d0"/>
      </object_component>
      <object_component id="oc-134">
         <name>.debug_info</name>
         <load_address>0x51b7</load_address>
         <run_address>0x51b7</run_address>
         <size>0x1e8</size>
         <input_file_ref idref="fl-d0"/>
      </object_component>
      <object_component id="oc-18d">
         <name>.debug_info</name>
         <load_address>0x539f</load_address>
         <run_address>0x539f</run_address>
         <size>0x362</size>
         <input_file_ref idref="fl-d1"/>
      </object_component>
      <object_component id="oc-107">
         <name>.debug_info</name>
         <load_address>0x5701</load_address>
         <run_address>0x5701</run_address>
         <size>0x152b</size>
         <input_file_ref idref="fl-d1"/>
      </object_component>
      <object_component id="oc-18e">
         <name>.debug_info</name>
         <load_address>0x6c2c</load_address>
         <run_address>0x6c2c</run_address>
         <size>0x86</size>
         <input_file_ref idref="fl-d1"/>
      </object_component>
      <object_component id="oc-20e">
         <name>.debug_info</name>
         <load_address>0x6cb2</load_address>
         <run_address>0x6cb2</run_address>
         <size>0x46</size>
         <input_file_ref idref="fl-d1"/>
      </object_component>
      <object_component id="oc-193">
         <name>.debug_info</name>
         <load_address>0x6cf8</load_address>
         <run_address>0x6cf8</run_address>
         <size>0x39</size>
         <input_file_ref idref="fl-d1"/>
      </object_component>
      <object_component id="oc-226">
         <name>.debug_info</name>
         <load_address>0x6d31</load_address>
         <run_address>0x6d31</run_address>
         <size>0x1a2</size>
         <input_file_ref idref="fl-d2"/>
      </object_component>
      <object_component id="oc-1b0">
         <name>.debug_info</name>
         <load_address>0x6ed3</load_address>
         <run_address>0x6ed3</run_address>
         <size>0x1e2</size>
         <input_file_ref idref="fl-d2"/>
      </object_component>
      <object_component id="oc-1f2">
         <name>.debug_info</name>
         <load_address>0x70b5</load_address>
         <run_address>0x70b5</run_address>
         <size>0x121</size>
         <input_file_ref idref="fl-d3"/>
      </object_component>
      <object_component id="oc-16f">
         <name>.debug_info</name>
         <load_address>0x71d6</load_address>
         <run_address>0x71d6</run_address>
         <size>0x16b</size>
         <input_file_ref idref="fl-d3"/>
      </object_component>
      <object_component id="oc-1f3">
         <name>.debug_info</name>
         <load_address>0x7341</load_address>
         <run_address>0x7341</run_address>
         <size>0x2c</size>
         <input_file_ref idref="fl-d3"/>
      </object_component>
      <object_component id="oc-202">
         <name>.debug_info</name>
         <load_address>0x736d</load_address>
         <run_address>0x736d</run_address>
         <size>0x15e</size>
         <input_file_ref idref="fl-d4"/>
      </object_component>
      <object_component id="oc-175">
         <name>.debug_info</name>
         <load_address>0x74cb</load_address>
         <run_address>0x74cb</run_address>
         <size>0x1c3</size>
         <input_file_ref idref="fl-d4"/>
      </object_component>
      <object_component id="oc-9b">
         <name>.debug_info</name>
         <load_address>0x768e</load_address>
         <run_address>0x768e</run_address>
         <size>0x127</size>
         <input_file_ref idref="fl-d5"/>
      </object_component>
      <object_component id="oc-204">
         <name>.debug_info</name>
         <load_address>0x77b5</load_address>
         <run_address>0x77b5</run_address>
         <size>0xd7</size>
         <input_file_ref idref="fl-d6"/>
      </object_component>
      <object_component id="oc-17b">
         <name>.debug_info</name>
         <load_address>0x788c</load_address>
         <run_address>0x788c</run_address>
         <size>0x1ea</size>
         <input_file_ref idref="fl-d6"/>
      </object_component>
      <object_component id="oc-233">
         <name>.debug_info</name>
         <load_address>0x7a76</load_address>
         <run_address>0x7a76</run_address>
         <size>0xc7</size>
         <input_file_ref idref="fl-d7"/>
      </object_component>
      <object_component id="oc-1bd">
         <name>.debug_info</name>
         <load_address>0x7b3d</load_address>
         <run_address>0x7b3d</run_address>
         <size>0x1fe</size>
         <input_file_ref idref="fl-d7"/>
      </object_component>
      <object_component id="oc-1d6">
         <name>.debug_info</name>
         <load_address>0x7d3b</load_address>
         <run_address>0x7d3b</run_address>
         <size>0xcc</size>
         <input_file_ref idref="fl-d8"/>
      </object_component>
      <object_component id="oc-12e">
         <name>.debug_info</name>
         <load_address>0x7e07</load_address>
         <run_address>0x7e07</run_address>
         <size>0x1d0</size>
         <input_file_ref idref="fl-d8"/>
      </object_component>
      <object_component id="oc-235">
         <name>.debug_info</name>
         <load_address>0x7fd7</load_address>
         <run_address>0x7fd7</run_address>
         <size>0xd8</size>
         <input_file_ref idref="fl-d9"/>
      </object_component>
      <object_component id="oc-1c3">
         <name>.debug_info</name>
         <load_address>0x80af</load_address>
         <run_address>0x80af</run_address>
         <size>0x1ff</size>
         <input_file_ref idref="fl-d9"/>
      </object_component>
      <object_component id="oc-282">
         <name>.debug_info</name>
         <load_address>0x82ae</load_address>
         <run_address>0x82ae</run_address>
         <size>0x231</size>
         <input_file_ref idref="fl-da"/>
      </object_component>
      <object_component id="oc-27f">
         <name>.debug_info</name>
         <load_address>0x84df</load_address>
         <run_address>0x84df</run_address>
         <size>0xda</size>
         <input_file_ref idref="fl-da"/>
      </object_component>
      <object_component id="oc-237">
         <name>.debug_info</name>
         <load_address>0x85b9</load_address>
         <run_address>0x85b9</run_address>
         <size>0xa32</size>
         <input_file_ref idref="fl-da"/>
      </object_component>
      <object_component id="oc-283">
         <name>.debug_info</name>
         <load_address>0x8feb</load_address>
         <run_address>0x8feb</run_address>
         <size>0x53</size>
         <input_file_ref idref="fl-da"/>
      </object_component>
      <object_component id="oc-295">
         <name>.debug_info</name>
         <load_address>0x903e</load_address>
         <run_address>0x903e</run_address>
         <size>0xf8</size>
         <input_file_ref idref="fl-db"/>
      </object_component>
      <object_component id="oc-292">
         <name>.debug_info</name>
         <load_address>0x9136</load_address>
         <run_address>0x9136</run_address>
         <size>0xdf</size>
         <input_file_ref idref="fl-db"/>
      </object_component>
      <object_component id="oc-273">
         <name>.debug_info</name>
         <load_address>0x9215</load_address>
         <run_address>0x9215</run_address>
         <size>0x263</size>
         <input_file_ref idref="fl-db"/>
      </object_component>
      <object_component id="oc-141">
         <name>.debug_info</name>
         <load_address>0x9478</load_address>
         <run_address>0x9478</run_address>
         <size>0x122</size>
         <input_file_ref idref="fl-dc"/>
      </object_component>
      <object_component id="oc-13c">
         <name>.debug_info</name>
         <load_address>0x959a</load_address>
         <run_address>0x959a</run_address>
         <size>0x164</size>
         <input_file_ref idref="fl-dd"/>
      </object_component>
      <object_component id="oc-209">
         <name>.debug_info</name>
         <load_address>0x96fe</load_address>
         <run_address>0x96fe</run_address>
         <size>0xf6</size>
         <input_file_ref idref="fl-de"/>
      </object_component>
      <object_component id="oc-181">
         <name>.debug_info</name>
         <load_address>0x97f4</load_address>
         <run_address>0x97f4</run_address>
         <size>0x153</size>
         <input_file_ref idref="fl-de"/>
      </object_component>
      <object_component id="oc-258">
         <name>.debug_info</name>
         <load_address>0x9947</load_address>
         <run_address>0x9947</run_address>
         <size>0xd0</size>
         <input_file_ref idref="fl-df"/>
      </object_component>
      <object_component id="oc-206">
         <name>.debug_info</name>
         <load_address>0x9a17</load_address>
         <run_address>0x9a17</run_address>
         <size>0xdc</size>
         <input_file_ref idref="fl-df"/>
      </object_component>
      <object_component id="oc-1ff">
         <name>.debug_info</name>
         <load_address>0x9af3</load_address>
         <run_address>0x9af3</run_address>
         <size>0xd5</size>
         <input_file_ref idref="fl-e0"/>
      </object_component>
      <object_component id="oc-16a">
         <name>.debug_info</name>
         <load_address>0x9bc8</load_address>
         <run_address>0x9bc8</run_address>
         <size>0x13d</size>
         <input_file_ref idref="fl-e1"/>
      </object_component>
      <object_component id="oc-146">
         <name>.debug_info</name>
         <load_address>0x9d05</load_address>
         <run_address>0x9d05</run_address>
         <size>0x104</size>
         <input_file_ref idref="fl-e2"/>
      </object_component>
      <object_component id="oc-155">
         <name>.debug_info</name>
         <load_address>0x9e09</load_address>
         <run_address>0x9e09</run_address>
         <size>0x106</size>
         <input_file_ref idref="fl-e2"/>
      </object_component>
      <object_component id="oc-150">
         <name>.debug_info</name>
         <load_address>0x9f0f</load_address>
         <run_address>0x9f0f</run_address>
         <size>0x122</size>
         <input_file_ref idref="fl-e3"/>
      </object_component>
      <object_component id="oc-14b">
         <name>.debug_info</name>
         <load_address>0xa031</load_address>
         <run_address>0xa031</run_address>
         <size>0x122</size>
         <input_file_ref idref="fl-e4"/>
      </object_component>
      <object_component id="oc-15a">
         <name>.debug_info</name>
         <load_address>0xa153</load_address>
         <run_address>0xa153</run_address>
         <size>0x110</size>
         <input_file_ref idref="fl-e5"/>
      </object_component>
      <object_component id="oc-1bb">
         <name>.debug_info</name>
         <load_address>0xa263</load_address>
         <run_address>0xa263</run_address>
         <size>0x184</size>
         <input_file_ref idref="fl-e6"/>
      </object_component>
      <object_component id="oc-120">
         <name>.debug_info</name>
         <load_address>0xa3e7</load_address>
         <run_address>0xa3e7</run_address>
         <size>0x23c</size>
         <input_file_ref idref="fl-e6"/>
      </object_component>
      <object_component id="oc-26b">
         <name>.debug_info</name>
         <load_address>0xa623</load_address>
         <run_address>0xa623</run_address>
         <size>0x21e</size>
         <input_file_ref idref="fl-e7"/>
      </object_component>
      <object_component id="oc-220">
         <name>.debug_info</name>
         <load_address>0xa841</load_address>
         <run_address>0xa841</run_address>
         <size>0x422</size>
         <input_file_ref idref="fl-e7"/>
      </object_component>
      <object_component id="oc-b7">
         <name>.debug_info</name>
         <load_address>0xac63</load_address>
         <run_address>0xac63</run_address>
         <size>0x2c</size>
         <input_file_ref idref="fl-e7"/>
      </object_component>
      <object_component id="oc-218">
         <name>.debug_info</name>
         <load_address>0xac8f</load_address>
         <run_address>0xac8f</run_address>
         <size>0x161</size>
         <input_file_ref idref="fl-e8"/>
      </object_component>
      <object_component id="oc-1aa">
         <name>.debug_info</name>
         <load_address>0xadf0</load_address>
         <run_address>0xadf0</run_address>
         <size>0x1c3</size>
         <input_file_ref idref="fl-e8"/>
      </object_component>
      <object_component id="oc-1df">
         <name>.debug_info</name>
         <load_address>0xafb3</load_address>
         <run_address>0xafb3</run_address>
         <size>0x129</size>
         <input_file_ref idref="fl-e9"/>
      </object_component>
      <object_component id="oc-165">
         <name>.debug_info</name>
         <load_address>0xb0dc</load_address>
         <run_address>0xb0dc</run_address>
         <size>0x105</size>
         <input_file_ref idref="fl-ea"/>
      </object_component>
      <object_component id="oc-1ee">
         <name>.debug_info</name>
         <load_address>0xb1e1</load_address>
         <run_address>0xb1e1</run_address>
         <size>0x12e</size>
         <input_file_ref idref="fl-eb"/>
      </object_component>
      <object_component id="oc-15f">
         <name>.debug_info</name>
         <load_address>0xb30f</load_address>
         <run_address>0xb30f</run_address>
         <size>0x1bc</size>
         <input_file_ref idref="fl-eb"/>
      </object_component>
      <object_component id="oc-20b">
         <name>.debug_info</name>
         <load_address>0xb4cb</load_address>
         <run_address>0xb4cb</run_address>
         <size>0xd3</size>
         <input_file_ref idref="fl-ec"/>
      </object_component>
      <object_component id="oc-187">
         <name>.debug_info</name>
         <load_address>0xb59e</load_address>
         <run_address>0xb59e</run_address>
         <size>0x18d</size>
         <input_file_ref idref="fl-ec"/>
      </object_component>
      <object_component id="oc-7a">
         <name>.debug_info</name>
         <load_address>0xb72b</load_address>
         <run_address>0xb72b</run_address>
         <size>0x204</size>
         <input_file_ref idref="fl-ed"/>
      </object_component>
      <object_component id="oc-31">
         <name>.debug_info</name>
         <load_address>0xb92f</load_address>
         <run_address>0xb92f</run_address>
         <size>0xe3</size>
         <input_file_ref idref="fl-ed"/>
      </object_component>
      <object_component id="oc-260">
         <name>.debug_info</name>
         <load_address>0xba12</load_address>
         <run_address>0xba12</run_address>
         <size>0x12e</size>
         <input_file_ref idref="fl-ed"/>
      </object_component>
      <object_component id="oc-21a">
         <name>.debug_info</name>
         <load_address>0xbb40</load_address>
         <run_address>0xbb40</run_address>
         <size>0x85c</size>
         <input_file_ref idref="fl-ed"/>
      </object_component>
      <object_component id="oc-bc">
         <name>.debug_info</name>
         <load_address>0xc39c</load_address>
         <run_address>0xc39c</run_address>
         <size>0x62</size>
         <input_file_ref idref="fl-ed"/>
      </object_component>
      <object_component id="oc-1f9">
         <name>.debug_info</name>
         <load_address>0xc3fe</load_address>
         <run_address>0xc3fe</run_address>
         <size>0x136</size>
         <input_file_ref idref="fl-ee"/>
      </object_component>
      <object_component id="oc-297">
         <name>.debug_info</name>
         <load_address>0xc534</load_address>
         <run_address>0xc534</run_address>
         <size>0xd2</size>
         <input_file_ref idref="fl-ef"/>
      </object_component>
      <object_component id="oc-279">
         <name>.debug_info</name>
         <load_address>0xc606</load_address>
         <run_address>0xc606</run_address>
         <size>0x1d7</size>
         <input_file_ref idref="fl-ef"/>
      </object_component>
      <object_component id="oc-28e">
         <name>.debug_info</name>
         <load_address>0xc7dd</load_address>
         <run_address>0xc7dd</run_address>
         <size>0x1e2</size>
         <input_file_ref idref="fl-f0"/>
      </object_component>
      <object_component id="oc-264">
         <name>.debug_info</name>
         <load_address>0xc9bf</load_address>
         <run_address>0xc9bf</run_address>
         <size>0x27a</size>
         <input_file_ref idref="fl-f0"/>
      </object_component>
      <object_component id="oc-1e9">
         <name>.debug_info</name>
         <load_address>0xcc39</load_address>
         <run_address>0xcc39</run_address>
         <size>0x120</size>
         <input_file_ref idref="fl-f1"/>
      </object_component>
      <object_component id="oc-2d3">
         <name>.debug_info</name>
         <load_address>0xcd59</load_address>
         <run_address>0xcd59</run_address>
         <size>0x96</size>
      </object_component>
      <object_component id="oc-216">
         <name>.debug_line</name>
         <load_address>0x0</load_address>
         <run_address>0x0</run_address>
         <size>0x6b</size>
         <input_file_ref idref="fl-2"/>
      </object_component>
      <object_component id="oc-a6">
         <name>.debug_line</name>
         <load_address>0x6b</load_address>
         <run_address>0x6b</run_address>
         <size>0x48</size>
         <input_file_ref idref="fl-2"/>
      </object_component>
      <object_component id="oc-3c">
         <name>.debug_line</name>
         <load_address>0xb3</load_address>
         <run_address>0xb3</run_address>
         <size>0x20</size>
         <input_file_ref idref="fl-2"/>
      </object_component>
      <object_component id="oc-114">
         <name>.debug_line</name>
         <load_address>0xd3</load_address>
         <run_address>0xd3</run_address>
         <size>0x6c</size>
         <input_file_ref idref="fl-2"/>
      </object_component>
      <object_component id="oc-2c">
         <name>.debug_line</name>
         <load_address>0x13f</load_address>
         <run_address>0x13f</run_address>
         <size>0x4c</size>
         <input_file_ref idref="fl-bc"/>
      </object_component>
      <object_component id="oc-c2">
         <name>.debug_line</name>
         <load_address>0x18b</load_address>
         <run_address>0x18b</run_address>
         <size>0x20</size>
         <input_file_ref idref="fl-bd"/>
      </object_component>
      <object_component id="oc-1d">
         <name>.debug_line</name>
         <load_address>0x1ab</load_address>
         <run_address>0x1ab</run_address>
         <size>0xa1</size>
         <input_file_ref idref="fl-bd"/>
      </object_component>
      <object_component id="oc-37">
         <name>.debug_line</name>
         <load_address>0x24c</load_address>
         <run_address>0x24c</run_address>
         <size>0x3a</size>
         <input_file_ref idref="fl-bd"/>
      </object_component>
      <object_component id="oc-7f">
         <name>.debug_line</name>
         <load_address>0x286</load_address>
         <run_address>0x286</run_address>
         <size>0x6c</size>
         <input_file_ref idref="fl-bd"/>
      </object_component>
      <object_component id="oc-89">
         <name>.debug_line</name>
         <load_address>0x2f2</load_address>
         <run_address>0x2f2</run_address>
         <size>0x6c</size>
         <input_file_ref idref="fl-be"/>
      </object_component>
      <object_component id="oc-22">
         <name>.debug_line</name>
         <load_address>0x35e</load_address>
         <run_address>0x35e</run_address>
         <size>0x52</size>
         <input_file_ref idref="fl-be"/>
      </object_component>
      <object_component id="oc-47">
         <name>.debug_line</name>
         <load_address>0x3b0</load_address>
         <run_address>0x3b0</run_address>
         <size>0x3a</size>
         <input_file_ref idref="fl-be"/>
      </object_component>
      <object_component id="oc-86">
         <name>.debug_line</name>
         <load_address>0x3ea</load_address>
         <run_address>0x3ea</run_address>
         <size>0x6c</size>
         <input_file_ref idref="fl-be"/>
      </object_component>
      <object_component id="oc-91">
         <name>.debug_line</name>
         <load_address>0x456</load_address>
         <run_address>0x456</run_address>
         <size>0x6c</size>
         <input_file_ref idref="fl-bf"/>
      </object_component>
      <object_component id="oc-28">
         <name>.debug_line</name>
         <load_address>0x4c2</load_address>
         <run_address>0x4c2</run_address>
         <size>0x4f</size>
         <input_file_ref idref="fl-bf"/>
      </object_component>
      <object_component id="oc-53">
         <name>.debug_line</name>
         <load_address>0x511</load_address>
         <run_address>0x511</run_address>
         <size>0x34</size>
         <input_file_ref idref="fl-bf"/>
      </object_component>
      <object_component id="oc-8e">
         <name>.debug_line</name>
         <load_address>0x545</load_address>
         <run_address>0x545</run_address>
         <size>0x6c</size>
         <input_file_ref idref="fl-bf"/>
      </object_component>
      <object_component id="oc-ed">
         <name>.debug_line</name>
         <load_address>0x5b1</load_address>
         <run_address>0x5b1</run_address>
         <size>0xb6</size>
         <input_file_ref idref="fl-c0"/>
      </object_component>
      <object_component id="oc-e1">
         <name>.debug_line</name>
         <load_address>0x667</load_address>
         <run_address>0x667</run_address>
         <size>0x2a</size>
         <input_file_ref idref="fl-c0"/>
      </object_component>
      <object_component id="oc-72">
         <name>.debug_line</name>
         <load_address>0x691</load_address>
         <run_address>0x691</run_address>
         <size>0x80</size>
         <input_file_ref idref="fl-c0"/>
      </object_component>
      <object_component id="oc-118">
         <name>.debug_line</name>
         <load_address>0x711</load_address>
         <run_address>0x711</run_address>
         <size>0x20</size>
         <input_file_ref idref="fl-c1"/>
      </object_component>
      <object_component id="oc-e9">
         <name>.debug_line</name>
         <load_address>0x731</load_address>
         <run_address>0x731</run_address>
         <size>0x2b</size>
         <input_file_ref idref="fl-c1"/>
      </object_component>
      <object_component id="oc-e6">
         <name>.debug_line</name>
         <load_address>0x75c</load_address>
         <run_address>0x75c</run_address>
         <size>0x64</size>
         <input_file_ref idref="fl-c1"/>
      </object_component>
      <object_component id="oc-42">
         <name>.debug_line</name>
         <load_address>0x7c0</load_address>
         <run_address>0x7c0</run_address>
         <size>0x9a</size>
         <input_file_ref idref="fl-c2"/>
      </object_component>
      <object_component id="oc-4e">
         <name>.debug_line</name>
         <load_address>0x85a</load_address>
         <run_address>0x85a</run_address>
         <size>0x73</size>
         <input_file_ref idref="fl-c3"/>
      </object_component>
      <object_component id="oc-5a">
         <name>.debug_line</name>
         <load_address>0x8cd</load_address>
         <run_address>0x8cd</run_address>
         <size>0x3d</size>
         <input_file_ref idref="fl-c4"/>
      </object_component>
      <object_component id="oc-60">
         <name>.debug_line</name>
         <load_address>0x90a</load_address>
         <run_address>0x90a</run_address>
         <size>0x40</size>
         <input_file_ref idref="fl-c5"/>
      </object_component>
      <object_component id="oc-1a2">
         <name>.debug_line</name>
         <load_address>0x94a</load_address>
         <run_address>0x94a</run_address>
         <size>0xc2</size>
         <input_file_ref idref="fl-c6"/>
      </object_component>
      <object_component id="oc-d6">
         <name>.debug_line</name>
         <load_address>0xa0c</load_address>
         <run_address>0xa0c</run_address>
         <size>0x89</size>
         <input_file_ref idref="fl-c6"/>
      </object_component>
      <object_component id="oc-1a6">
         <name>.debug_line</name>
         <load_address>0xa95</load_address>
         <run_address>0xa95</run_address>
         <size>0x6b</size>
         <input_file_ref idref="fl-c6"/>
      </object_component>
      <object_component id="oc-b4">
         <name>.debug_line</name>
         <load_address>0xb00</load_address>
         <run_address>0xb00</run_address>
         <size>0x33</size>
         <input_file_ref idref="fl-c7"/>
      </object_component>
      <object_component id="oc-da">
         <name>.debug_line</name>
         <load_address>0xb33</load_address>
         <run_address>0xb33</run_address>
         <size>0x2b</size>
         <input_file_ref idref="fl-c8"/>
      </object_component>
      <object_component id="oc-6c">
         <name>.debug_line</name>
         <load_address>0xb5e</load_address>
         <run_address>0xb5e</run_address>
         <size>0x50</size>
         <input_file_ref idref="fl-c8"/>
      </object_component>
      <object_component id="oc-de">
         <name>.debug_line</name>
         <load_address>0xbae</load_address>
         <run_address>0xbae</run_address>
         <size>0x2b</size>
         <input_file_ref idref="fl-c8"/>
      </object_component>
      <object_component id="oc-c7">
         <name>.debug_line</name>
         <load_address>0xbd9</load_address>
         <run_address>0xbd9</run_address>
         <size>0x8b</size>
         <input_file_ref idref="fl-c9"/>
      </object_component>
      <object_component id="oc-66">
         <name>.debug_line</name>
         <load_address>0xc64</load_address>
         <run_address>0xc64</run_address>
         <size>0x89</size>
         <input_file_ref idref="fl-c9"/>
      </object_component>
      <object_component id="oc-cb">
         <name>.debug_line</name>
         <load_address>0xced</load_address>
         <run_address>0xced</run_address>
         <size>0x2e</size>
         <input_file_ref idref="fl-c9"/>
      </object_component>
      <object_component id="oc-f8">
         <name>.debug_line</name>
         <load_address>0xd1b</load_address>
         <run_address>0xd1b</run_address>
         <size>0x6c</size>
         <input_file_ref idref="fl-c9"/>
      </object_component>
      <object_component id="oc-d0">
         <name>.debug_line</name>
         <load_address>0xd87</load_address>
         <run_address>0xd87</run_address>
         <size>0x6d</size>
         <input_file_ref idref="fl-c9"/>
      </object_component>
      <object_component id="oc-ef">
         <name>.debug_line</name>
         <load_address>0xdf4</load_address>
         <run_address>0xdf4</run_address>
         <size>0x7a</size>
         <input_file_ref idref="fl-ca"/>
      </object_component>
      <object_component id="oc-98">
         <name>.debug_line</name>
         <load_address>0xe6e</load_address>
         <run_address>0xe6e</run_address>
         <size>0x70</size>
         <input_file_ref idref="fl-ca"/>
      </object_component>
      <object_component id="oc-f3">
         <name>.debug_line</name>
         <load_address>0xede</load_address>
         <run_address>0xede</run_address>
         <size>0x2e</size>
         <input_file_ref idref="fl-ca"/>
      </object_component>
      <object_component id="oc-214">
         <name>.debug_line</name>
         <load_address>0xf0c</load_address>
         <run_address>0xf0c</run_address>
         <size>0x2a</size>
         <input_file_ref idref="fl-cb"/>
      </object_component>
      <object_component id="oc-19e">
         <name>.debug_line</name>
         <load_address>0xf36</load_address>
         <run_address>0xf36</run_address>
         <size>0x2a</size>
         <input_file_ref idref="fl-cb"/>
      </object_component>
      <object_component id="oc-22f">
         <name>.debug_line</name>
         <load_address>0xf60</load_address>
         <run_address>0xf60</run_address>
         <size>0x2a</size>
         <input_file_ref idref="fl-cb"/>
      </object_component>
      <object_component id="oc-1d4">
         <name>.debug_line</name>
         <load_address>0xf8a</load_address>
         <run_address>0xf8a</run_address>
         <size>0xcb</size>
         <input_file_ref idref="fl-cc"/>
      </object_component>
      <object_component id="oc-fe">
         <name>.debug_line</name>
         <load_address>0x1055</load_address>
         <run_address>0x1055</run_address>
         <size>0x95</size>
         <input_file_ref idref="fl-cc"/>
      </object_component>
      <object_component id="oc-1da">
         <name>.debug_line</name>
         <load_address>0x10ea</load_address>
         <run_address>0x10ea</run_address>
         <size>0x117</size>
         <input_file_ref idref="fl-cd"/>
      </object_component>
      <object_component id="oc-104">
         <name>.debug_line</name>
         <load_address>0x1201</load_address>
         <run_address>0x1201</run_address>
         <size>0xf1</size>
         <input_file_ref idref="fl-cd"/>
      </object_component>
      <object_component id="oc-22d">
         <name>.debug_line</name>
         <load_address>0x12f2</load_address>
         <run_address>0x12f2</run_address>
         <size>0x6b</size>
         <input_file_ref idref="fl-ce"/>
      </object_component>
      <object_component id="oc-11d">
         <name>.debug_line</name>
         <load_address>0x135d</load_address>
         <run_address>0x135d</run_address>
         <size>0x96</size>
         <input_file_ref idref="fl-ce"/>
      </object_component>
      <object_component id="oc-22a">
         <name>.debug_line</name>
         <load_address>0x13f3</load_address>
         <run_address>0x13f3</run_address>
         <size>0x6b</size>
         <input_file_ref idref="fl-ce"/>
      </object_component>
      <object_component id="oc-23f">
         <name>.debug_line</name>
         <load_address>0x145e</load_address>
         <run_address>0x145e</run_address>
         <size>0xc3</size>
         <input_file_ref idref="fl-cf"/>
      </object_component>
      <object_component id="oc-23d">
         <name>.debug_line</name>
         <load_address>0x1521</load_address>
         <run_address>0x1521</run_address>
         <size>0x2c</size>
         <input_file_ref idref="fl-cf"/>
      </object_component>
      <object_component id="oc-129">
         <name>.debug_line</name>
         <load_address>0x154d</load_address>
         <run_address>0x154d</run_address>
         <size>0x287</size>
         <input_file_ref idref="fl-cf"/>
      </object_component>
      <object_component id="oc-243">
         <name>.debug_line</name>
         <load_address>0x17d4</load_address>
         <run_address>0x17d4</run_address>
         <size>0x2c</size>
         <input_file_ref idref="fl-cf"/>
      </object_component>
      <object_component id="oc-19b">
         <name>.debug_line</name>
         <load_address>0x1800</load_address>
         <run_address>0x1800</run_address>
         <size>0x6b</size>
         <input_file_ref idref="fl-cf"/>
      </object_component>
      <object_component id="oc-1d1">
         <name>.debug_line</name>
         <load_address>0x186b</load_address>
         <run_address>0x186b</run_address>
         <size>0x2a</size>
         <input_file_ref idref="fl-cf"/>
      </object_component>
      <object_component id="oc-248">
         <name>.debug_line</name>
         <load_address>0x1895</load_address>
         <run_address>0x1895</run_address>
         <size>0x20</size>
         <input_file_ref idref="fl-d0"/>
      </object_component>
      <object_component id="oc-137">
         <name>.debug_line</name>
         <load_address>0x18b5</load_address>
         <run_address>0x18b5</run_address>
         <size>0x8d</size>
         <input_file_ref idref="fl-d0"/>
      </object_component>
      <object_component id="oc-20d">
         <name>.debug_line</name>
         <load_address>0x1942</load_address>
         <run_address>0x1942</run_address>
         <size>0x110</size>
         <input_file_ref idref="fl-d1"/>
      </object_component>
      <object_component id="oc-10a">
         <name>.debug_line</name>
         <load_address>0x1a52</load_address>
         <run_address>0x1a52</run_address>
         <size>0xba7</size>
         <input_file_ref idref="fl-d1"/>
      </object_component>
      <object_component id="oc-191">
         <name>.debug_line</name>
         <load_address>0x25f9</load_address>
         <run_address>0x25f9</run_address>
         <size>0x6c</size>
         <input_file_ref idref="fl-d1"/>
[...]
      </symbol>
      <symbol id="sm-55">
         <name>_c_int00</name>
         <value>0x402049b0</value>
         <object_component_ref idref="oc-2a"/>
      </symbol>
      <symbol id="sm-56">
         <name>__stack</name>
         <value>0x40204c18</value>
         <object_component_ref idref="oc-2f"/>
      </symbol>
      <symbol id="sm-74">
         <name>__TI_decompress_lzss</name>
         <value>0x40204630</value>
         <object_component_ref idref="oc-18"/>
      </symbol>
      <symbol id="sm-8b">
         <name>__TI_decompress_none</name>
         <value>0x40204bd0</value>
         <object_component_ref idref="oc-1e"/>
      </symbol>
      <symbol id="sm-a2">
         <name>__TI_zero_init</name>
         <value>0x40204be4</value>
         <object_component_ref idref="oc-24"/>
      </symbol>
      <symbol id="sm-c3">
         <name>C$$EXIT</name>
         <value>0x402046c0</value>
         <object_component_ref idref="oc-6e"/>
      </symbol>
      <symbol id="sm-c4">
         <name>abort</name>
         <value>0x402046c8</value>
         <object_component_ref idref="oc-6e"/>
      </symbol>
      <symbol id="sm-c5">
         <name>exit</name>
         <value>0x402046d4</value>
         <object_component_ref idref="oc-6e"/>
      </symbol>
      <symbol id="sm-c6">
         <name>__TI_dtors_ptr</name>
         <value>0x40205dec</value>
         <object_component_ref idref="oc-aa"/>
      </symbol>
      <symbol id="sm-c7">
         <name>__TI_cleanup_ptr</name>
         <value>0x40205de8</value>
         <object_component_ref idref="oc-aa"/>
      </symbol>
      <symbol id="sm-c8">
         <name>__TI_enable_exit_profile_output</name>
         <value>0x40205df0</value>
         <object_component_ref idref="oc-aa"/>
      </symbol>
      <symbol id="sm-e2">
         <name>_nop</name>
         <value>0x40204b70</value>
         <object_component_ref idref="oc-e2"/>
      </symbol>
      <symbol id="sm-e3">
         <name>_lock</name>
         <value>0x40205e00</value>
         <object_component_ref idref="oc-ad"/>
      </symbol>
      <symbol id="sm-e4">
         <name>_unlock</name>
         <value>0x40205e04</value>
         <object_component_ref idref="oc-ad"/>
      </symbol>
      <symbol id="sm-e5">
         <name>_register_lock</name>
         <value>0x40204b64</value>
         <object_component_ref idref="oc-e2"/>
      </symbol>
      <symbol id="sm-e6">
         <name>_register_unlock</name>
         <value>0x40204b58</value>
         <object_component_ref idref="oc-e2"/>
      </symbol>
      <symbol id="sm-ff">
         <name>memcpy</name>
         <value>0x402035c8</value>
         <object_component_ref idref="oc-3e"/>
      </symbol>
      <symbol id="sm-100">
         <name>__aeabi_memcpy</name>
         <value>0x402035c8</value>
         <object_component_ref idref="oc-3e"/>
      </symbol>
      <symbol id="sm-101">
         <name>__aeabi_memcpy8</name>
         <value>0x402035c8</value>
         <object_component_ref idref="oc-3e"/>
      </symbol>
      <symbol id="sm-102">
         <name>__aeabi_memcpy4</name>
         <value>0x402035c8</value>
         <object_component_ref idref="oc-3e"/>
      </symbol>
      <symbol id="sm-111">
         <name>__aeabi_memset</name>
         <value>0x402042ec</value>
         <object_component_ref idref="oc-4a"/>
      </symbol>
      <symbol id="sm-112">
         <name>memset</name>
         <value>0x402042f8</value>
         <object_component_ref idref="oc-4a"/>
      </symbol>
      <symbol id="sm-113">
         <name>__aeabi_memset8</name>
         <value>0x402042ec</value>
         <object_component_ref idref="oc-4a"/>
      </symbol>
      <symbol id="sm-114">
         <name>__aeabi_memset4</name>
         <value>0x402042ec</value>
         <object_component_ref idref="oc-4a"/>
      </symbol>
      <symbol id="sm-115">
         <name>__aeabi_memclr8</name>
         <value>0x402042e8</value>
         <object_component_ref idref="oc-4a"/>
      </symbol>
      <symbol id="sm-116">
         <name>__aeabi_memclr4</name>
         <value>0x402042e8</value>
         <object_component_ref idref="oc-4a"/>
      </symbol>
      <symbol id="sm-117">
         <name>__aeabi_memclr</name>
         <value>0x402042e8</value>
         <object_component_ref idref="oc-4a"/>
      </symbol>
      <symbol id="sm-121">
         <name>__mpu_init</name>
         <value>0x40204c10</value>
         <object_component_ref idref="oc-56"/>
      </symbol>
      <symbol id="sm-12b">
         <name>_system_pre_init</name>
         <value>0x40204c04</value>
         <object_component_ref idref="oc-5c"/>
      </symbol>
      <symbol id="sm-149">
         <name>printf</name>
         <value>0x402044f0</value>
         <object_component_ref idref="oc-d2"/>
      </symbol>
      <symbol id="sm-151">
         <name>main_func_sp</name>
         <value>0x40205e10</value>
         <object_component_ref idref="oc-74"/>
      </symbol>
      <symbol id="sm-165">
         <name>_args_main</name>
         <value>0x40204b7c</value>
         <object_component_ref idref="oc-68"/>
      </symbol>
      <symbol id="sm-18e">
         <name>__TI_auto_init</name>
         <value>0x40204398</value>
         <object_component_ref idref="oc-62"/>
      </symbol>
      <symbol id="sm-1a8">
         <name>copy_in</name>
         <value>0x402047d4</value>
         <object_component_ref idref="oc-94"/>
      </symbol>
      <symbol id="sm-1bd">
         <name>__TI_tmpnams</name>
         <value>0x40205f34</value>
      </symbol>
      <symbol id="sm-1be">
         <name>__aeabi_stdout</name>
         <value>0x40205de0</value>
         <object_component_ref idref="oc-1b7"/>
      </symbol>
      <symbol id="sm-1bf">
         <name>__aeabi_stderr</name>
         <value>0x40205de4</value>
         <object_component_ref idref="oc-1b7"/>
      </symbol>
      <symbol id="sm-1c0">
         <name>__aeabi_stdin</name>
         <value>0x40205ddc</value>
         <object_component_ref idref="oc-1b7"/>
      </symbol>
      <symbol id="sm-1c1">
         <name>_ftable</name>
         <value>0x40205c18</value>
         <object_component_ref idref="oc-10c"/>
      </symbol>
      <symbol id="sm-1c2">
         <name>__TI_ft_end</name>
         <value>0x40205dd8</value>
         <object_component_ref idref="oc-1b7"/>
      </symbol>
      <symbol id="sm-1d9">
         <name>putc</name>
         <value>0x40203e3c</value>
         <object_component_ref idref="oc-fa"/>
      </symbol>
      <symbol id="sm-1da">
         <name>fputc</name>
         <value>0x40203e3c</value>
         <object_component_ref idref="oc-fa"/>
      </symbol>
      <symbol id="sm-1db">
         <name>putchar</name>
         <value>0x40203f28</value>
         <object_component_ref idref="oc-fa"/>
      </symbol>
      <symbol id="sm-1fb">
         <name>puts</name>
         <value>0x40203400</value>
         <object_component_ref idref="oc-100"/>
      </symbol>
      <symbol id="sm-1fc">
         <name>fputs</name>
         <value>0x40203270</value>
         <object_component_ref idref="oc-100"/>
      </symbol>
      <symbol id="sm-218">
         <name>__TI_wrt_ok</name>
         <value>0x40203af8</value>
         <object_component_ref idref="oc-119"/>
      </symbol>
      <symbol id="sm-219">
         <name>__TI_rd_ok</name>
         <value>0x40203b98</value>
         <object_component_ref idref="oc-119"/>
      </symbol>
      <symbol id="sm-26d">
         <name>open</name>
         <value>0x40202260</value>
         <object_component_ref idref="oc-125"/>
      </symbol>
      <symbol id="sm-26e">
         <name>add_device</name>
         <value>0x40202458</value>
         <object_component_ref idref="oc-125"/>
      </symbol>
      <symbol id="sm-26f">
         <name>remove_device</name>
         <value>0x402021cc</value>
         <object_component_ref idref="oc-125"/>
      </symbol>
      <symbol id="sm-270">
         <name>lseek</name>
         <value>0x4020237c</value>
         <object_component_ref idref="oc-125"/>
      </symbol>
      <symbol id="sm-271">
         <name>read</name>
         <value>0x40202218</value>
         <object_component_ref idref="oc-125"/>
      </symbol>
      <symbol id="sm-272">
         <name>rename</name>
         <value>0x40202160</value>
         <object_component_ref idref="oc-125"/>
      </symbol>
      <symbol id="sm-273">
         <name>write</name>
         <value>0x40202024</value>
         <object_component_ref idref="oc-125"/>
      </symbol>
      <symbol id="sm-274">
         <name>close</name>
         <value>0x402023c4</value>
         <object_component_ref idref="oc-125"/>
      </symbol>
      <symbol id="sm-275">
         <name>unlink</name>
         <value>0x40202120</value>
         <object_component_ref idref="oc-125"/>
      </symbol>
      <symbol id="sm-284">
         <name>memchr</name>
         <value>0x40204ab8</value>
         <object_component_ref idref="oc-133"/>
      </symbol>
      <symbol id="sm-372">
         <name>__TI_printfi</name>
         <value>0x40200c4c</value>
         <object_component_ref idref="oc-106"/>
      </symbol>
      <symbol id="sm-38d">
         <name>setvbuf</name>
         <value>0x40203748</value>
         <object_component_ref idref="oc-1af"/>
      </symbol>
      <symbol id="sm-3a5">
         <name>frexpl</name>
         <value>0x402048d8</value>
         <object_component_ref idref="oc-16e"/>
      </symbol>
      <symbol id="sm-3a6">
         <name>frexp</name>
         <value>0x402048d8</value>
         <object_component_ref idref="oc-16e"/>
      </symbol>
      <symbol id="sm-3c4">
         <name>scalbn</name>
         <value>0x40203c10</value>
         <object_component_ref idref="oc-174"/>
      </symbol>
      <symbol id="sm-3c5">
         <name>scalbnl</name>
         <value>0x40203c10</value>
         <object_component_ref idref="oc-174"/>
      </symbol>
      <symbol id="sm-3c6">
         <name>ldexpl</name>
         <value>0x40203c10</value>
         <object_component_ref idref="oc-174"/>
      </symbol>
      <symbol id="sm-3c7">
         <name>ldexp</name>
         <value>0x40203c10</value>
         <object_component_ref idref="oc-174"/>
      </symbol>
      <symbol id="sm-3d1">
         <name>_system_post_cinit</name>
         <value>0x40204c14</value>
         <object_component_ref idref="oc-9a"/>
      </symbol>
      <symbol id="sm-3e0">
         <name>strchr</name>
         <value>0x40204ae4</value>
         <object_component_ref idref="oc-17a"/>
      </symbol>
      <symbol id="sm-3ee">
         <name>strcmp</name>
         <value>0x40204b0c</value>
         <object_component_ref idref="oc-1bc"/>
      </symbol>
      <symbol id="sm-3fc">
         <name>strlen</name>
         <value>0x40204b9c</value>
         <object_component_ref idref="oc-12d"/>
      </symbol>
      <symbol id="sm-40b">
         <name>strncpy</name>
         <value>0x40204a08</value>
         <object_component_ref idref="oc-1c2"/>
      </symbol>
      <symbol id="sm-433">
         <name>HOSTgetenv</name>
         <value>0x4020298c</value>
         <object_component_ref idref="oc-236"/>
      </symbol>
      <symbol id="sm-434">
         <name>HOSTrename</name>
         <value>0x40202744</value>
         <object_component_ref idref="oc-236"/>
      </symbol>
      <symbol id="sm-435">
         <name>HOSTclose</name>
         <value>0x402029f4</value>
         <object_component_ref idref="oc-236"/>
      </symbol>
      <symbol id="sm-436">
         <name>HOSTtime64</name>
         <value>0x40202668</value>
         <object_component_ref idref="oc-236"/>
      </symbol>
      <symbol id="sm-437">
         <name>HOSTunlink</name>
         <value>0x40202604</value>
         <object_component_ref idref="oc-236"/>
      </symbol>
      <symbol id="sm-438">
         <name>HOSTlseek</name>
         <value>0x402028ec</value>
         <object_component_ref idref="oc-236"/>
      </symbol>
      <symbol id="sm-439">
         <name>HOSTopen</name>
         <value>0x40202860</value>
         <object_component_ref idref="oc-236"/>
      </symbol>
      <symbol id="sm-43a">
         <name>HOSTclock</name>
         <value>0x40202a64</value>
         <object_component_ref idref="oc-236"/>
      </symbol>
      <symbol id="sm-43b">
         <name>HOSTwrite</name>
         <value>0x40202580</value>
         <object_component_ref idref="oc-236"/>
      </symbol>
      <symbol id="sm-43c">
         <name>HOSTread</name>
         <value>0x402027dc</value>
         <object_component_ref idref="oc-236"/>
      </symbol>
      <symbol id="sm-43d">
         <name>HOSTtime</name>
         <value>0x402026e4</value>
         <object_component_ref idref="oc-236"/>
      </symbol>
      <symbol id="sm-457">
         <name>__TI_readmsg</name>
         <value>0x402045dc</value>
         <object_component_ref idref="oc-272"/>
      </symbol>
      <symbol id="sm-458">
         <name>C$$IO$$</name>
         <value>0x402045d4</value>
         <object_component_ref idref="oc-272"/>
      </symbol>
      <symbol id="sm-459">
         <name>__CIOBUF_</name>
         <value>0x40205e14</value>
         <object_component_ref idref="oc-291"/>
      </symbol>
      <symbol id="sm-45a">
         <name>__TI_writemsg</name>
         <value>0x4020458c</value>
         <object_component_ref idref="oc-272"/>
      </symbol>
      <symbol id="sm-46c">
         <name>__aeabi_uidivmod</name>
         <value>0x40204038</value>
         <object_component_ref idref="oc-140"/>
      </symbol>
      <symbol id="sm-46d">
         <name>__aeabi_uidiv</name>
         <value>0x40204038</value>
         <object_component_ref idref="oc-140"/>
      </symbol>
      <symbol id="sm-489">
         <name>__aeabi_uldivmod</name>
         <value>0x40202da4</value>
         <object_component_ref idref="oc-13b"/>
      </symbol>
      <symbol id="sm-49e">
         <name>atoi</name>
         <value>0x40204750</value>
         <object_component_ref idref="oc-180"/>
      </symbol>
      <symbol id="sm-4a9">
         <name>_ctypes_</name>
         <value>0x40205fdc</value>
         <object_component_ref idref="oc-205"/>
      </symbol>
      <symbol id="sm-4b1">
         <name>errno</name>
         <value>0x40205e08</value>
         <object_component_ref idref="oc-1fe"/>
      </symbol>
      <symbol id="sm-4c8">
         <name>__aeabi_dsub</name>
         <value>0x4020305c</value>
         <object_component_ref idref="oc-169"/>
      </symbol>
      <symbol id="sm-4c9">
         <name>__aeabi_dadd</name>
         <value>0x40203068</value>
         <object_component_ref idref="oc-169"/>
      </symbol>
      <symbol id="sm-4eb">
         <name>__aeabi_cdcmpeq</name>
         <value>0x40204128</value>
         <object_component_ref idref="oc-145"/>
      </symbol>
      <symbol id="sm-4ec">
         <name>__aeabi_cdcmple</name>
         <value>0x40204128</value>
         <object_component_ref idref="oc-145"/>
      </symbol>
      <symbol id="sm-4ed">
         <name>__aeabi_cdrcmple</name>
         <value>0x40204208</value>
         <object_component_ref idref="oc-154"/>
      </symbol>
      <symbol id="sm-501">
         <name>__aeabi_ddiv</name>
         <value>0x40203438</value>
         <object_component_ref idref="oc-14f"/>
      </symbol>
      <symbol id="sm-50c">
         <name>__aeabi_dmul</name>
         <value>0x402039d0</value>
         <object_component_ref idref="oc-14a"/>
      </symbol>
      <symbol id="sm-516">
         <name>__aeabi_d2iz</name>
         <value>0x40204954</value>
         <object_component_ref idref="oc-159"/>
      </symbol>
      <symbol id="sm-530">
         <name>__TI_doflush</name>
         <value>0x402038a0</value>
         <object_component_ref idref="oc-11f"/>
      </symbol>
      <symbol id="sm-531">
         <name>fflush</name>
         <value>0x40203924</value>
         <object_component_ref idref="oc-11f"/>
      </symbol>
      <symbol id="sm-565">
         <name>__TI_cleanup</name>
         <value>0x40202c10</value>
         <object_component_ref idref="oc-21f"/>
      </symbol>
      <symbol id="sm-566">
         <name>freopen</name>
         <value>0x40202c5c</value>
         <object_component_ref idref="oc-21f"/>
      </symbol>
      <symbol id="sm-567">
         <name>fopen</name>
         <value>0x40202ca8</value>
         <object_component_ref idref="oc-21f"/>
      </symbol>
      <symbol id="sm-579">
         <name>fseek</name>
         <value>0x40204440</value>
         <object_component_ref idref="oc-1a9"/>
      </symbol>
      <symbol id="sm-583">
         <name>__aeabi_idiv0</name>
         <value>0x40204c0c</value>
         <object_component_ref idref="oc-1dc"/>
      </symbol>
      <symbol id="sm-58d">
         <name>__aeabi_i2d</name>
         <value>0x40204a50</value>
         <object_component_ref idref="oc-164"/>
      </symbol>
      <symbol id="sm-59b">
         <name>ltoa</name>
         <value>0x40204858</value>
         <object_component_ref idref="oc-15e"/>
      </symbol>
      <symbol id="sm-5aa">
         <name>memccpy</name>
         <value>0x40204a8c</value>
         <object_component_ref idref="oc-186"/>
      </symbol>
      <symbol id="sm-60b">
         <name>_sys_memory</name>
         <value>0x40205418</value>
         <object_component_ref idref="oc-30"/>
      </symbol>
      <symbol id="sm-60c">
         <name>free</name>
         <value>0x40201ba0</value>
         <object_component_ref idref="oc-219"/>
      </symbol>
      <symbol id="sm-60d">
         <name>realloc</name>
         <value>0x40201cf8</value>
         <object_component_ref idref="oc-219"/>
      </symbol>
      <symbol id="sm-60e">
         <name>memalign</name>
         <value>0x40201e8c</value>
         <object_component_ref idref="oc-219"/>
      </symbol>
      <symbol id="sm-60f">
         <name>calloc</name>
         <value>0x40201fd0</value>
         <object_component_ref idref="oc-219"/>
      </symbol>
      <symbol id="sm-610">
         <name>malloc</name>
         <value>0x40201ae0</value>
         <object_component_ref idref="oc-219"/>
      </symbol>
      <symbol id="sm-611">
         <name>minit</name>
         <value>0x402019ec</value>
         <object_component_ref idref="oc-219"/>
      </symbol>
      <symbol id="sm-61b">
         <name>copysign</name>
         <value>0x40204bf4</value>
         <object_component_ref idref="oc-1f8"/>
      </symbol>
      <symbol id="sm-61c">
         <name>copysignl</name>
         <value>0x40204bf4</value>
         <object_component_ref idref="oc-1f8"/>
      </symbol>
      <symbol id="sm-62a">
         <name>strcpy</name>
         <value>0x40204bb8</value>
         <object_component_ref idref="oc-278"/>
      </symbol>
      <symbol id="sm-640">
         <name>__TI_closefile</name>
         <value>0x40203f3c</value>
         <object_component_ref idref="oc-263"/>
      </symbol>
      <symbol id="sm-641">
         <name>fclose</name>
         <value>0x40203fe8</value>
         <object_component_ref idref="oc-263"/>
      </symbol>
      <symbol id="sm-653">
         <name>__aeabi_idivmod</name>
         <value>0x40203d28</value>
         <object_component_ref idref="oc-1e8"/>
      </symbol>
      <symbol id="sm-654">
         <name>__aeabi_idiv</name>
         <value>0x40203d28</value>
         <object_component_ref idref="oc-1e8"/>
      </symbol>
      <symbol id="sm-656">
         <name>__TI_static_base__</name>
         <value>0x402060e0</value>
      </symbol>
      <symbol id="sm-659">
         <name>SHT$$INIT_ARRAY$$Limit</name>
         <value>0x0</value>
      </symbol>
      <symbol id="sm-65a">
         <name>SHT$$INIT_ARRAY$$Base</name>
         <value>0x0</value>
      </symbol>
      <symbol id="sm-65b">
         <name>remove</name>
         <value>0x40202120</value>
      </symbol>
   </symbol_table>
   <title>Link successful</title>
</link_info>
