<?xml version="1.0"?>
<link_info>
   <banner>TI ARM Linker PC v16.9.1.LTS</banner>
   <copyright>Copyright (c) 1996-2015 Texas Instruments Incorporated</copyright>
   <link_time>0x58e64175</link_time>
   <link_errors>0x0</link_errors>
   <output_file>MonkeyOS.out</output_file>
   <entry_point>
      <name>_c_int00</name>
      <address>0x40204cf0</address>
   </entry_point>
   <input_file_list>
      <input_file id="fl-2">
         <path>.\src\Drivers\</path>
         <kind>object</kind>
         <file>GPIO-Driver.obj</file>
         <name>GPIO-Driver.obj</name>
      </input_file>
      <input_file id="fl-3">
         <path>.\src\HAL\</path>
         <kind>object</kind>
         <file>GPIO-HAL.obj</file>
         <name>GPIO-HAL.obj</name>
      </input_file>
      <input_file id="fl-4">
         <path>.\src\IO-Handler\</path>
         <kind>object</kind>
         <file>IO-Handler.obj</file>
         <name>IO-Handler.obj</name>
      </input_file>
      <input_file id="fl-5">
         <path>.\src\</path>
         <kind>object</kind>
         <file>hello.obj</file>
         <name>hello.obj</name>
      </input_file>
      <input_file id="fl-bf">
         <path>C:\ti\ccs710\ccsv7\tools\compiler\ti-cgt-arm_16.9.1.LTS\lib\</path>
         <kind>archive</kind>
         <file>rtsv7A8_A_le_eabi.lib</file>
         <name>boot.obj</name>
      </input_file>
      <input_file id="fl-c0">
         <path>C:\ti\ccs710\ccsv7\tools\compiler\ti-cgt-arm_16.9.1.LTS\lib\</path>
         <kind>archive</kind>
         <file>rtsv7A8_A_le_eabi.lib</file>
         <name>copy_decompress_lzss.obj</name>
      </input_file>
      <input_file id="fl-c1">
         <path>C:\ti\ccs710\ccsv7\tools\compiler\ti-cgt-arm_16.9.1.LTS\lib\</path>
         <kind>archive</kind>
         <file>rtsv7A8_A_le_eabi.lib</file>
         <name>copy_decompress_none.obj</name>
      </input_file>
      <input_file id="fl-c2">
         <path>C:\ti\ccs710\ccsv7\tools\compiler\ti-cgt-arm_16.9.1.LTS\lib\</path>
         <kind>archive</kind>
         <file>rtsv7A8_A_le_eabi.lib</file>
         <name>copy_zero_init.obj</name>
      </input_file>
      <input_file id="fl-c3">
         <path>C:\ti\ccs710\ccsv7\tools\compiler\ti-cgt-arm_16.9.1.LTS\lib\</path>
         <kind>archive</kind>
         <file>rtsv7A8_A_le_eabi.lib</file>
         <name>exit.obj</name>
      </input_file>
      <input_file id="fl-c4">
         <path>C:\ti\ccs710\ccsv7\tools\compiler\ti-cgt-arm_16.9.1.LTS\lib\</path>
         <kind>archive</kind>
         <file>rtsv7A8_A_le_eabi.lib</file>
         <name>memcpy32.obj</name>
      </input_file>
      <input_file id="fl-c5">
         <path>C:\ti\ccs710\ccsv7\tools\compiler\ti-cgt-arm_16.9.1.LTS\lib\</path>
         <kind>archive</kind>
         <file>rtsv7A8_A_le_eabi.lib</file>
         <name>memset32.obj</name>
      </input_file>
      <input_file id="fl-c6">
         <path>C:\ti\ccs710\ccsv7\tools\compiler\ti-cgt-arm_16.9.1.LTS\lib\</path>
         <kind>archive</kind>
         <file>rtsv7A8_A_le_eabi.lib</file>
         <name>mpu_init.obj</name>
      </input_file>
      <input_file id="fl-c7">
         <path>C:\ti\ccs710\ccsv7\tools\compiler\ti-cgt-arm_16.9.1.LTS\lib\</path>
         <kind>archive</kind>
         <file>rtsv7A8_A_le_eabi.lib</file>
         <name>pre_init.obj</name>
      </input_file>
      <input_file id="fl-c8">
         <path>C:\ti\ccs710\ccsv7\tools\compiler\ti-cgt-arm_16.9.1.LTS\lib\</path>
         <kind>archive</kind>
         <file>rtsv7A8_A_le_eabi.lib</file>
         <name>printf.obj</name>
      </input_file>
      <input_file id="fl-c9">
         <path>C:\ti\ccs710\ccsv7\tools\compiler\ti-cgt-arm_16.9.1.LTS\lib\</path>
         <kind>archive</kind>
         <file>rtsv7A8_A_le_eabi.lib</file>
         <name>stkdepth_vars.obj</name>
      </input_file>
      <input_file id="fl-ca">
         <path>C:\ti\ccs710\ccsv7\tools\compiler\ti-cgt-arm_16.9.1.LTS\lib\</path>
         <kind>archive</kind>
         <file>rtsv7A8_A_le_eabi.lib</file>
         <name>_lock.obj</name>
      </input_file>
      <input_file id="fl-cb">
         <path>C:\ti\ccs710\ccsv7\tools\compiler\ti-cgt-arm_16.9.1.LTS\lib\</path>
         <kind>archive</kind>
         <file>rtsv7A8_A_le_eabi.lib</file>
         <name>_printfi.obj</name>
      </input_file>
      <input_file id="fl-cc">
         <path>C:\ti\ccs710\ccsv7\tools\compiler\ti-cgt-arm_16.9.1.LTS\lib\</path>
         <kind>archive</kind>
         <file>rtsv7A8_A_le_eabi.lib</file>
         <name>args_main.obj</name>
      </input_file>
      <input_file id="fl-cd">
         <path>C:\ti\ccs710\ccsv7\tools\compiler\ti-cgt-arm_16.9.1.LTS\lib\</path>
         <kind>archive</kind>
         <file>rtsv7A8_A_le_eabi.lib</file>
         <name>atoi.obj</name>
      </input_file>
      <input_file id="fl-ce">
         <path>C:\ti\ccs710\ccsv7\tools\compiler\ti-cgt-arm_16.9.1.LTS\lib\</path>
         <kind>archive</kind>
         <file>rtsv7A8_A_le_eabi.lib</file>
         <name>autoinit.obj</name>
      </input_file>
      <input_file id="fl-cf">
         <path>C:\ti\ccs710\ccsv7\tools\compiler\ti-cgt-arm_16.9.1.LTS\lib\</path>
         <kind>archive</kind>
         <file>rtsv7A8_A_le_eabi.lib</file>
         <name>cpy_tbl.obj</name>
      </input_file>
      <input_file id="fl-d0">
         <path>C:\ti\ccs710\ccsv7\tools\compiler\ti-cgt-arm_16.9.1.LTS\lib\</path>
         <kind>archive</kind>
         <file>rtsv7A8_A_le_eabi.lib</file>
         <name>ctype.obj</name>
      </input_file>
      <input_file id="fl-d1">
         <path>C:\ti\ccs710\ccsv7\tools\compiler\ti-cgt-arm_16.9.1.LTS\lib\</path>
         <kind>archive</kind>
         <file>rtsv7A8_A_le_eabi.lib</file>
         <name>defs.obj</name>
      </input_file>
      <input_file id="fl-d2">
         <path>C:\ti\ccs710\ccsv7\tools\compiler\ti-cgt-arm_16.9.1.LTS\lib\</path>
         <kind>archive</kind>
         <file>rtsv7A8_A_le_eabi.lib</file>
         <name>fd_add32.obj</name>
      </input_file>
      <input_file id="fl-d3">
         <path>C:\ti\ccs710\ccsv7\tools\compiler\ti-cgt-arm_16.9.1.LTS\lib\</path>
         <kind>archive</kind>
         <file>rtsv7A8_A_le_eabi.lib</file>
         <name>fd_cmp32.obj</name>
      </input_file>
      <input_file id="fl-d4">
         <path>C:\ti\ccs710\ccsv7\tools\compiler\ti-cgt-arm_16.9.1.LTS\lib\</path>
         <kind>archive</kind>
         <file>rtsv7A8_A_le_eabi.lib</file>
         <name>fd_div32.obj</name>
      </input_file>
      <input_file id="fl-d5">
         <path>C:\ti\ccs710\ccsv7\tools\compiler\ti-cgt-arm_16.9.1.LTS\lib\</path>
         <kind>archive</kind>
         <file>rtsv7A8_A_le_eabi.lib</file>
         <name>fd_mul32.obj</name>
      </input_file>
      <input_file id="fl-d6">
         <path>C:\ti\ccs710\ccsv7\tools\compiler\ti-cgt-arm_16.9.1.LTS\lib\</path>
         <kind>archive</kind>
         <file>rtsv7A8_A_le_eabi.lib</file>
         <name>fd_toi32.obj</name>
      </input_file>
      <input_file id="fl-d7">
         <path>C:\ti\ccs710\ccsv7\tools\compiler\ti-cgt-arm_16.9.1.LTS\lib\</path>
         <kind>archive</kind>
         <file>rtsv7A8_A_le_eabi.lib</file>
         <name>fputc.obj</name>
      </input_file>
      <input_file id="fl-d8">
         <path>C:\ti\ccs710\ccsv7\tools\compiler\ti-cgt-arm_16.9.1.LTS\lib\</path>
         <kind>archive</kind>
         <file>rtsv7A8_A_le_eabi.lib</file>
         <name>fputs.obj</name>
      </input_file>
      <input_file id="fl-d9">
         <path>C:\ti\ccs710\ccsv7\tools\compiler\ti-cgt-arm_16.9.1.LTS\lib\</path>
         <kind>archive</kind>
         <file>rtsv7A8_A_le_eabi.lib</file>
         <name>i_tofd32.obj</name>
      </input_file>
      <input_file id="fl-da">
         <path>C:\ti\ccs710\ccsv7\tools\compiler\ti-cgt-arm_16.9.1.LTS\lib\</path>
         <kind>archive</kind>
         <file>rtsv7A8_A_le_eabi.lib</file>
         <name>lowlev.obj</name>
      </input_file>
      <input_file id="fl-db">
         <path>C:\ti\ccs710\ccsv7\tools\compiler\ti-cgt-arm_16.9.1.LTS\lib\</path>
         <kind>archive</kind>
         <file>rtsv7A8_A_le_eabi.lib</file>
         <name>ltoa.obj</name>
      </input_file>
      <input_file id="fl-dc">
         <path>C:\ti\ccs710\ccsv7\tools\compiler\ti-cgt-arm_16.9.1.LTS\lib\</path>
         <kind>archive</kind>
         <file>rtsv7A8_A_le_eabi.lib</file>
         <name>memccpy.obj</name>
      </input_file>
      <input_file id="fl-dd">
         <path>C:\ti\ccs710\ccsv7\tools\compiler\ti-cgt-arm_16.9.1.LTS\lib\</path>
         <kind>archive</kind>
         <file>rtsv7A8_A_le_eabi.lib</file>
         <name>memchr.obj</name>
      </input_file>
      <input_file id="fl-de">
         <path>C:\ti\ccs710\ccsv7\tools\compiler\ti-cgt-arm_16.9.1.LTS\lib\</path>
         <kind>archive</kind>
         <file>rtsv7A8_A_le_eabi.lib</file>
         <name>s_frexp.obj</name>
      </input_file>
      <input_file id="fl-df">
         <path>C:\ti\ccs710\ccsv7\tools\compiler\ti-cgt-arm_16.9.1.LTS\lib\</path>
         <kind>archive</kind>
         <file>rtsv7A8_A_le_eabi.lib</file>
         <name>s_scalbn.obj</name>
      </input_file>
      <input_file id="fl-e0">
         <path>C:\ti\ccs710\ccsv7\tools\compiler\ti-cgt-arm_16.9.1.LTS\lib\</path>
         <kind>archive</kind>
         <file>rtsv7A8_A_le_eabi.lib</file>
         <name>startup.obj</name>
      </input_file>
      <input_file id="fl-e1">
         <path>C:\ti\ccs710\ccsv7\tools\compiler\ti-cgt-arm_16.9.1.LTS\lib\</path>
         <kind>archive</kind>
         <file>rtsv7A8_A_le_eabi.lib</file>
         <name>strchr.obj</name>
      </input_file>
      <input_file id="fl-e2">
         <path>C:\ti\ccs710\ccsv7\tools\compiler\ti-cgt-arm_16.9.1.LTS\lib\</path>
         <kind>archive</kind>
         <file>rtsv7A8_A_le_eabi.lib</file>
         <name>strcmp.obj</name>
      </input_file>
      <input_file id="fl-e3">
         <path>C:\ti\ccs710\ccsv7\tools\compiler\ti-cgt-arm_16.9.1.LTS\lib\</path>
         <kind>archive</kind>
         <file>rtsv7A8_A_le_eabi.lib</file>
         <name>strlen.obj</name>
      </input_file>
      <input_file id="fl-e4">
         <path>C:\ti\ccs710\ccsv7\tools\compiler\ti-cgt-arm_16.9.1.LTS\lib\</path>
         <kind>archive</kind>
         <file>rtsv7A8_A_le_eabi.lib</file>
         <name>strncpy.obj</name>
      </input_file>
      <input_file id="fl-e5">
         <path>C:\ti\ccs710\ccsv7\tools\compiler\ti-cgt-arm_16.9.1.LTS\lib\</path>
         <kind>archive</kind>
         <file>rtsv7A8_A_le_eabi.lib</file>
         <name>trgdrv.obj</name>
      </input_file>
      <input_file id="fl-e6">
         <path>C:\ti\ccs710\ccsv7\tools\compiler\ti-cgt-arm_16.9.1.LTS\lib\</path>
         <kind>archive</kind>
         <file>rtsv7A8_A_le_eabi.lib</file>
         <name>trgmsg.obj</name>
      </input_file>
      <input_file id="fl-e7">
         <path>C:\ti\ccs710\ccsv7\tools\compiler\ti-cgt-arm_16.9.1.LTS\lib\</path>
         <kind>archive</kind>
         <file>rtsv7A8_A_le_eabi.lib</file>
         <name>u_div32.obj</name>
      </input_file>
      <input_file id="fl-e8">
         <path>C:\ti\ccs710\ccsv7\tools\compiler\ti-cgt-arm_16.9.1.LTS\lib\</path>
         <kind>archive</kind>
         <file>rtsv7A8_A_le_eabi.lib</file>
         <name>ull_div32.obj</name>
      </input_file>
      <input_file id="fl-e9">
         <path>C:\ti\ccs710\ccsv7\tools\compiler\ti-cgt-arm_16.9.1.LTS\lib\</path>
         <kind>archive</kind>
         <file>rtsv7A8_A_le_eabi.lib</file>
         <name>_io_perm.obj</name>
      </input_file>
      <input_file id="fl-ea">
         <path>C:\ti\ccs710\ccsv7\tools\compiler\ti-cgt-arm_16.9.1.LTS\lib\</path>
         <kind>archive</kind>
         <file>rtsv7A8_A_le_eabi.lib</file>
         <name>errno.obj</name>
      </input_file>
      <input_file id="fl-eb">
         <path>C:\ti\ccs710\ccsv7\tools\compiler\ti-cgt-arm_16.9.1.LTS\lib\</path>
         <kind>archive</kind>
         <file>rtsv7A8_A_le_eabi.lib</file>
         <name>fflush.obj</name>
      </input_file>
      <input_file id="fl-ec">
         <path>C:\ti\ccs710\ccsv7\tools\compiler\ti-cgt-arm_16.9.1.LTS\lib\</path>
         <kind>archive</kind>
         <file>rtsv7A8_A_le_eabi.lib</file>
         <name>fseek.obj</name>
      </input_file>
      <input_file id="fl-ed">
         <path>C:\ti\ccs710\ccsv7\tools\compiler\ti-cgt-arm_16.9.1.LTS\lib\</path>
         <kind>archive</kind>
         <file>rtsv7A8_A_le_eabi.lib</file>
         <name>i_div0.obj</name>
      </input_file>
      <input_file id="fl-ee">
         <path>C:\ti\ccs710\ccsv7\tools\compiler\ti-cgt-arm_16.9.1.LTS\lib\</path>
         <kind>archive</kind>
         <file>rtsv7A8_A_le_eabi.lib</file>
         <name>i_div32.obj</name>
      </input_file>
      <input_file id="fl-ef">
         <path>C:\ti\ccs710\ccsv7\tools\compiler\ti-cgt-arm_16.9.1.LTS\lib\</path>
         <kind>archive</kind>
         <file>rtsv7A8_A_le_eabi.lib</file>
         <name>s_copysign.obj</name>
      </input_file>
      <input_file id="fl-f0">
         <path>C:\ti\ccs710\ccsv7\tools\compiler\ti-cgt-arm_16.9.1.LTS\lib\</path>
         <kind>archive</kind>
         <file>rtsv7A8_A_le_eabi.lib</file>
         <name>setvbuf.obj</name>
      </input_file>
      <input_file id="fl-f1">
         <path>C:\ti\ccs710\ccsv7\tools\compiler\ti-cgt-arm_16.9.1.LTS\lib\</path>
         <kind>archive</kind>
         <file>rtsv7A8_A_le_eabi.lib</file>
         <name>strcpy.obj</name>
      </input_file>
      <input_file id="fl-f2">
         <path>C:\ti\ccs710\ccsv7\tools\compiler\ti-cgt-arm_16.9.1.LTS\lib\</path>
         <kind>archive</kind>
         <file>rtsv7A8_A_le_eabi.lib</file>
         <name>fopen.obj</name>
      </input_file>
      <input_file id="fl-f3">
         <path>C:\ti\ccs710\ccsv7\tools\compiler\ti-cgt-arm_16.9.1.LTS\lib\</path>
         <kind>archive</kind>
         <file>rtsv7A8_A_le_eabi.lib</file>
         <name>memory.obj</name>
      </input_file>
      <input_file id="fl-f4">
         <path>C:\ti\ccs710\ccsv7\tools\compiler\ti-cgt-arm_16.9.1.LTS\lib\</path>
         <kind>archive</kind>
         <file>rtsv7A8_A_le_eabi.lib</file>
         <name>fclose.obj</name>
      </input_file>
      <input_file id="fl-f5">
         <path>C:\ti\ccs710\ccsv7\tools\compiler\ti-cgt-arm_16.9.1.LTS\lib\</path>
         <kind>archive</kind>
         <file>rtsv7A8_A_le_eabi.lib</file>
         <name>remove.obj</name>
      </input_file>
   </input_file_list>
   <object_component_list>
      <object_component id="oc-112">
         <name>.text</name>
         <load_address>0x40200000</load_address>
         <run_address>0x40200000</run_address>
         <size>0x19ec</size>
         <input_file_ref idref="fl-cb"/>
      </object_component>
      <object_component id="oc-23f">
         <name>.text</name>
         <load_address>0x402019ec</load_address>
         <run_address>0x402019ec</run_address>
         <size>0x638</size>
         <input_file_ref idref="fl-f3"/>
      </object_component>
      <object_component id="oc-145">
         <name>.text</name>
         <load_address>0x40202024</load_address>
         <run_address>0x40202024</run_address>
         <size>0x55c</size>
         <input_file_ref idref="fl-da"/>
      </object_component>
      <object_component id="oc-25c">
         <name>.text</name>
         <load_address>0x40202580</load_address>
         <run_address>0x40202580</run_address>
         <size>0x550</size>
         <input_file_ref idref="fl-e5"/>
      </object_component>
      <object_component id="oc-12f">
         <name>.text</name>
         <load_address>0x40202ad0</load_address>
         <run_address>0x40202ad0</run_address>
         <size>0x340</size>
         <input_file_ref idref="fl-2"/>
      </object_component>
      <object_component id="oc-245">
         <name>.text</name>
         <load_address>0x40202e10</load_address>
         <run_address>0x40202e10</run_address>
         <size>0x2d4</size>
         <input_file_ref idref="fl-f2"/>
      </object_component>
      <object_component id="oc-15b">
         <name>.text</name>
         <load_address>0x402030e4</load_address>
         <run_address>0x402030e4</run_address>
         <size>0x2b8</size>
         <input_file_ref idref="fl-e8"/>
      </object_component>
      <object_component id="oc-189">
         <name>.text</name>
         <load_address>0x4020339c</load_address>
         <run_address>0x4020339c</run_address>
         <size>0x214</size>
         <input_file_ref idref="fl-d2"/>
      </object_component>
      <object_component id="oc-10c">
         <name>.text</name>
         <load_address>0x402035b0</load_address>
         <run_address>0x402035b0</run_address>
         <size>0x1c8</size>
         <input_file_ref idref="fl-d8"/>
      </object_component>
      <object_component id="oc-16f">
         <name>.text</name>
         <load_address>0x40203778</load_address>
         <run_address>0x40203778</run_address>
         <size>0x190</size>
         <input_file_ref idref="fl-d4"/>
      </object_component>
      <object_component id="oc-3e">
         <name>.text</name>
         <load_address>0x40203908</load_address>
         <run_address>0x40203908</run_address>
         <size>0x180</size>
         <input_file_ref idref="fl-c4"/>
      </object_component>
      <object_component id="oc-1d7">
         <name>.text</name>
         <load_address>0x40203a88</load_address>
         <run_address>0x40203a88</run_address>
         <size>0x158</size>
         <input_file_ref idref="fl-f0"/>
      </object_component>
      <object_component id="oc-13f">
         <name>.text</name>
         <load_address>0x40203be0</load_address>
         <run_address>0x40203be0</run_address>
         <size>0x130</size>
         <input_file_ref idref="fl-eb"/>
      </object_component>
      <object_component id="oc-16a">
         <name>.text</name>
         <load_address>0x40203d10</load_address>
         <run_address>0x40203d10</run_address>
         <size>0x128</size>
         <input_file_ref idref="fl-d5"/>
      </object_component>
      <object_component id="oc-139">
         <name>.text</name>
         <load_address>0x40203e38</load_address>
         <run_address>0x40203e38</run_address>
         <size>0x118</size>
         <input_file_ref idref="fl-e9"/>
      </object_component>
      <object_component id="oc-194">
         <name>.text</name>
         <load_address>0x40203f50</load_address>
         <run_address>0x40203f50</run_address>
         <size>0x118</size>
         <input_file_ref idref="fl-df"/>
      </object_component>
      <object_component id="oc-210">
         <name>.text</name>
         <load_address>0x40204068</load_address>
         <run_address>0x40204068</run_address>
         <size>0x114</size>
         <input_file_ref idref="fl-ee"/>
      </object_component>
      <object_component id="oc-106">
         <name>.text</name>
         <load_address>0x4020417c</load_address>
         <run_address>0x4020417c</run_address>
         <size>0x100</size>
         <input_file_ref idref="fl-d7"/>
      </object_component>
      <object_component id="oc-289">
         <name>.text</name>
         <load_address>0x4020427c</load_address>
         <run_address>0x4020427c</run_address>
         <size>0xfc</size>
         <input_file_ref idref="fl-f4"/>
      </object_component>
      <object_component id="oc-160">
         <name>.text</name>
         <load_address>0x40204378</load_address>
         <run_address>0x40204378</run_address>
         <size>0xf0</size>
         <input_file_ref idref="fl-e7"/>
      </object_component>
      <object_component id="oc-165">
         <name>.text:__aeabi_cdcmple</name>
         <load_address>0x40204468</load_address>
         <run_address>0x40204468</run_address>
         <size>0xe0</size>
         <input_file_ref idref="fl-d3"/>
      </object_component>
      <object_component id="oc-174">
         <name>.text:__aeabi_cdrcmple</name>
         <load_address>0x40204548</load_address>
         <run_address>0x40204548</run_address>
         <size>0xe0</size>
         <input_file_ref idref="fl-d3"/>
      </object_component>
      <object_component id="oc-4a">
         <name>.text</name>
         <load_address>0x40204628</load_address>
         <run_address>0x40204628</run_address>
         <size>0xb0</size>
         <input_file_ref idref="fl-c5"/>
      </object_component>
      <object_component id="oc-62">
         <name>.text</name>
         <load_address>0x402046d8</load_address>
         <run_address>0x402046d8</run_address>
         <size>0xa8</size>
         <input_file_ref idref="fl-ce"/>
      </object_component>
      <object_component id="oc-1d1">
         <name>.text</name>
         <load_address>0x40204780</load_address>
         <run_address>0x40204780</run_address>
         <size>0xa8</size>
         <input_file_ref idref="fl-ec"/>
      </object_component>
      <object_component id="oc-d2">
         <name>.text</name>
         <load_address>0x40204828</load_address>
         <run_address>0x40204828</run_address>
         <size>0xa4</size>
         <input_file_ref idref="fl-c8"/>
      </object_component>
      <object_component id="oc-298">
         <name>.text</name>
         <load_address>0x402048cc</load_address>
         <run_address>0x402048cc</run_address>
         <size>0xa4</size>
         <input_file_ref idref="fl-e6"/>
      </object_component>
      <object_component id="oc-18">
         <name>.text:decompress:lzss</name>
         <load_address>0x40204970</load_address>
         <run_address>0x40204970</run_address>
         <size>0x90</size>
         <input_file_ref idref="fl-c0"/>
      </object_component>
      <object_component id="oc-6e">
         <name>.text</name>
         <load_address>0x40204a00</load_address>
         <run_address>0x40204a00</run_address>
         <size>0x90</size>
         <input_file_ref idref="fl-c3"/>
      </object_component>
      <object_component id="oc-1a0">
         <name>.text</name>
         <load_address>0x40204a90</load_address>
         <run_address>0x40204a90</run_address>
         <size>0x84</size>
         <input_file_ref idref="fl-cd"/>
      </object_component>
      <object_component id="oc-94">
         <name>.text</name>
         <load_address>0x40204b14</load_address>
         <run_address>0x40204b14</run_address>
         <size>0x84</size>
         <input_file_ref idref="fl-cf"/>
      </object_component>
      <object_component id="oc-17e">
         <name>.text</name>
         <load_address>0x40204b98</load_address>
         <run_address>0x40204b98</run_address>
         <size>0x80</size>
         <input_file_ref idref="fl-db"/>
      </object_component>
      <object_component id="oc-18e">
         <name>.text</name>
         <load_address>0x40204c18</load_address>
         <run_address>0x40204c18</run_address>
         <size>0x7c</size>
         <input_file_ref idref="fl-de"/>
      </object_component>
      <object_component id="oc-179">
         <name>.text</name>
         <load_address>0x40204c94</load_address>
         <run_address>0x40204c94</run_address>
         <size>0x5c</size>
         <input_file_ref idref="fl-d6"/>
      </object_component>
      <object_component id="oc-2a">
         <name>.text</name>
         <load_address>0x40204cf0</load_address>
         <run_address>0x40204cf0</run_address>
         <size>0x58</size>
         <input_file_ref idref="fl-bf"/>
      </object_component>
      <object_component id="oc-d8">
         <name>.text</name>
         <load_address>0x40204d48</load_address>
         <run_address>0x40204d48</run_address>
         <size>0x50</size>
         <input_file_ref idref="fl-3"/>
      </object_component>
      <object_component id="oc-1ea">
         <name>.text</name>
         <load_address>0x40204d98</load_address>
         <run_address>0x40204d98</run_address>
         <size>0x48</size>
         <input_file_ref idref="fl-e4"/>
      </object_component>
      <object_component id="oc-184">
         <name>.text</name>
         <load_address>0x40204de0</load_address>
         <run_address>0x40204de0</run_address>
         <size>0x3c</size>
         <input_file_ref idref="fl-d9"/>
      </object_component>
      <object_component id="oc-a2">
         <name>.text</name>
         <load_address>0x40204e1c</load_address>
         <run_address>0x40204e1c</run_address>
         <size>0x34</size>
         <input_file_ref idref="fl-5"/>
      </object_component>
      <object_component id="oc-1a6">
         <name>.text</name>
         <load_address>0x40204e50</load_address>
         <run_address>0x40204e50</run_address>
         <size>0x2c</size>
         <input_file_ref idref="fl-dc"/>
      </object_component>
      <object_component id="oc-153">
         <name>.text</name>
         <load_address>0x40204e7c</load_address>
         <run_address>0x40204e7c</run_address>
         <size>0x2c</size>
         <input_file_ref idref="fl-dd"/>
      </object_component>
      <object_component id="oc-de">
         <name>.text</name>
         <load_address>0x40204ea8</load_address>
         <run_address>0x40204ea8</run_address>
         <size>0x28</size>
         <input_file_ref idref="fl-4"/>
      </object_component>
      <object_component id="oc-19a">
         <name>.text</name>
         <load_address>0x40204ed0</load_address>
         <run_address>0x40204ed0</run_address>
         <size>0x28</size>
         <input_file_ref idref="fl-e1"/>
      </object_component>
      <object_component id="oc-1e4">
         <name>.text</name>
         <load_address>0x40204ef8</load_address>
         <run_address>0x40204ef8</run_address>
         <size>0x28</size>
         <input_file_ref idref="fl-e2"/>
      </object_component>
      <object_component id="oc-ee">
         <name>.text</name>
         <load_address>0x40204f20</load_address>
         <run_address>0x40204f20</run_address>
         <size>0x24</size>
         <input_file_ref idref="fl-ca"/>
      </object_component>
      <object_component id="oc-68">
         <name>.text</name>
         <load_address>0x40204f44</load_address>
         <run_address>0x40204f44</run_address>
         <size>0x20</size>
         <input_file_ref idref="fl-cc"/>
      </object_component>
      <object_component id="oc-14d">
         <name>.text</name>
         <load_address>0x40204f64</load_address>
         <run_address>0x40204f64</run_address>
         <size>0x1c</size>
         <input_file_ref idref="fl-e3"/>
      </object_component>
      <object_component id="oc-29e">
         <name>.text</name>
         <load_address>0x40204f80</load_address>
         <run_address>0x40204f80</run_address>
         <size>0x18</size>
         <input_file_ref idref="fl-f1"/>
      </object_component>
      <object_component id="oc-1e">
         <name>.text:decompress:none</name>
         <load_address>0x40204f98</load_address>
         <run_address>0x40204f98</run_address>
         <size>0x14</size>
         <input_file_ref idref="fl-c1"/>
      </object_component>
      <object_component id="oc-24">
         <name>.text:decompress:ZI</name>
         <load_address>0x40204fac</load_address>
         <run_address>0x40204fac</run_address>
         <size>0x10</size>
         <input_file_ref idref="fl-c2"/>
      </object_component>
      <object_component id="oc-220">
         <name>.text</name>
         <load_address>0x40204fbc</load_address>
         <run_address>0x40204fbc</run_address>
         <size>0x10</size>
         <input_file_ref idref="fl-ef"/>
      </object_component>
      <object_component id="oc-5c">
         <name>.text</name>
         <load_address>0x40204fcc</load_address>
         <run_address>0x40204fcc</run_address>
         <size>0x8</size>
         <input_file_ref idref="fl-c7"/>
      </object_component>
      <object_component id="oc-204">
         <name>.text</name>
         <load_address>0x40204fd4</load_address>
         <run_address>0x40204fd4</run_address>
         <size>0x4</size>
         <input_file_ref idref="fl-ed"/>
      </object_component>
      <object_component id="oc-56">
         <name>.text</name>
         <load_address>0x40204fd8</load_address>
         <run_address>0x40204fd8</run_address>
         <size>0x4</size>
         <input_file_ref idref="fl-c6"/>
      </object_component>
      <object_component id="oc-9a">
         <name>.text</name>
         <load_address>0x40204fdc</load_address>
         <run_address>0x40204fdc</run_address>
         <size>0x4</size>
         <input_file_ref idref="fl-e0"/>
      </object_component>
      <object_component id="oc-2f">
         <name>.stack</name>
         <uninitialized>true</uninitialized>
         <run_address>0x40204fe0</run_address>
         <size>0x0</size>
         <input_file_ref idref="fl-bf"/>
      </object_component>
      <object_component id="oc-2f7">
         <name>.stack</name>
         <uninitialized>true</uninitialized>
         <run_address>0x40204fe0</run_address>
         <size>0x0</size>
      </object_component>
      <object_component id="oc-2a4">
         <name>.bss:parmbuf</name>
         <uninitialized>true</uninitialized>
         <run_address>0x402067a0</run_address>
         <size>0x8</size>
         <input_file_ref idref="fl-e5"/>
      </object_component>
      <object_component id="oc-2b7">
         <name>.bss:_CIOBUF_</name>
         <uninitialized>true</uninitialized>
         <run_address>0x402065b0</run_address>
         <size>0x120</size>
         <input_file_ref idref="fl-e6"/>
      </object_component>
      <object_component id="oc-12c">
         <name>.common:GPIO_DATAOUT</name>
         <uninitialized>true</uninitialized>
         <run_address>0x40206770</run_address>
         <size>0x18</size>
      </object_component>
      <object_component id="oc-12d">
         <name>.common:GPIO_OE</name>
         <uninitialized>true</uninitialized>
         <run_address>0x40206788</run_address>
         <size>0x18</size>
      </object_component>
      <object_component id="oc-122">
         <name>.common:MUX_MODE_ADDR</name>
         <uninitialized>true</uninitialized>
         <run_address>0x40205fe0</run_address>
         <size>0x2e8</size>
      </object_component>
      <object_component id="oc-12b">
         <name>.common:START_BITS</name>
         <uninitialized>true</uninitialized>
         <run_address>0x402062c8</run_address>
         <size>0x2e8</size>
      </object_component>
      <object_component id="oc-2b2">
         <name>.common:__TI_tmpnams</name>
         <uninitialized>true</uninitialized>
         <run_address>0x402066d0</run_address>
         <size>0xa0</size>
      </object_component>
      <object_component id="oc-22d">
         <name>.const:.string:_ctypes_</name>
         <load_address>0x402069a4</load_address>
         <run_address>0x402069a4</run_address>
         <size>0x101</size>
         <input_file_ref idref="fl-d0"/>
      </object_component>
      <object_component id="oc-aa">
         <name>.data:$O1$$</name>
         <load_address>0x40206978</load_address>
         <run_address>0x40206978</run_address>
         <size>0xc</size>
         <input_file_ref idref="fl-c3"/>
      </object_component>
      <object_component id="oc-74">
         <name>.data</name>
         <load_address>0x402069a0</load_address>
         <run_address>0x402069a0</run_address>
         <size>0x4</size>
         <input_file_ref idref="fl-c9"/>
      </object_component>
      <object_component id="oc-ad">
         <name>.data:$O1$$</name>
         <load_address>0x40206990</load_address>
         <run_address>0x40206990</run_address>
         <size>0x8</size>
         <input_file_ref idref="fl-ca"/>
      </object_component>
      <object_component id="oc-118">
         <name>.data:_ftable</name>
         <load_address>0x402067a8</load_address>
         <run_address>0x402067a8</run_address>
         <size>0xf0</size>
         <input_file_ref idref="fl-d1"/>
      </object_component>
      <object_component id="oc-1df">
         <name>.data</name>
         <load_address>0x40206968</load_address>
         <run_address>0x40206968</run_address>
         <size>0x10</size>
         <input_file_ref idref="fl-d1"/>
      </object_component>
      <object_component id="oc-1f0">
         <name>.data:$O1$$</name>
         <load_address>0x40206898</load_address>
         <run_address>0x40206898</run_address>
         <size>0xd0</size>
         <input_file_ref idref="fl-da"/>
      </object_component>
      <object_component id="oc-226">
         <name>.data</name>
         <load_address>0x40206998</load_address>
         <run_address>0x40206998</run_address>
         <size>0x4</size>
         <input_file_ref idref="fl-ea"/>
      </object_component>
      <object_component id="oc-28f">
         <name>.data</name>
         <load_address>0x4020699c</load_address>
         <run_address>0x4020699c</run_address>
         <size>0x4</size>
         <input_file_ref idref="fl-f2"/>
      </object_component>
      <object_component id="oc-285">
         <name>.data:$O1$$</name>
         <load_address>0x40206984</load_address>
         <run_address>0x40206984</run_address>
         <size>0xc</size>
         <input_file_ref idref="fl-f3"/>
      </object_component>
      <object_component id="oc-30">
         <name>.sysmem</name>
         <uninitialized>true</uninitialized>
         <run_address>0x402057e0</run_address>
         <size>0x8</size>
         <input_file_ref idref="fl-f3"/>
      </object_component>
      <object_component id="oc-2f8">
         <name>.sysmem</name>
         <uninitialized>true</uninitialized>
         <run_address>0x402057e0</run_address>
         <size>0x0</size>
      </object_component>
      <object_component id="oc-2f6">
         <name>.cinit..data.load</name>
         <load_address>0x40206aa8</load_address>
         <run_address>0x40206aa8</run_address>
         <size>0x76</size>
      </object_component>
      <object_component id="oc-2f3">
         <name>__TI_handler_table</name>
         <load_address>0x40206b20</load_address>
         <run_address>0x40206b20</run_address>
         <size>0xc</size>
      </object_component>
      <object_component id="oc-2f5">
         <name>.cinit..bss.load</name>
         <load_address>0x40206b30</load_address>
         <run_address>0x40206b30</run_address>
         <size>0x8</size>
      </object_component>
      <object_component id="oc-2f4">
         <name>__TI_cinit_table</name>
         <load_address>0x40206b38</load_address>
         <run_address>0x40206b38</run_address>
         <size>0x10</size>
      </object_component>
      <object_component id="oc-123">
         <name>.debug_info</name>
         <load_address>0x0</load_address>
         <run_address>0x0</run_address>
         <size>0x18a</size>
         <input_file_ref idref="fl-2"/>
      </object_component>
      <object_component id="oc-130">
         <name>.debug_info</name>
         <load_address>0x18a</load_address>
         <run_address>0x18a</run_address>
         <size>0x5bb</size>
         <input_file_ref idref="fl-2"/>
      </object_component>
      <object_component id="oc-39">
         <name>.debug_info</name>
         <load_address>0x745</load_address>
         <run_address>0x745</run_address>
         <size>0x84</size>
         <input_file_ref idref="fl-2"/>
      </object_component>
      <object_component id="oc-125">
         <name>.debug_info</name>
         <load_address>0x7c9</load_address>
         <run_address>0x7c9</run_address>
         <size>0x16f</size>
         <input_file_ref idref="fl-3"/>
      </object_component>
      <object_component id="oc-d9">
         <name>.debug_info</name>
         <load_address>0x938</load_address>
         <run_address>0x938</run_address>
         <size>0x106</size>
         <input_file_ref idref="fl-3"/>
      </object_component>
      <object_component id="oc-127">
         <name>.debug_info</name>
         <load_address>0xa3e</load_address>
         <run_address>0xa3e</run_address>
         <size>0x1aa</size>
         <input_file_ref idref="fl-4"/>
      </object_component>
      <object_component id="oc-df">
         <name>.debug_info</name>
         <load_address>0xbe8</load_address>
         <run_address>0xbe8</run_address>
         <size>0x1ec</size>
         <input_file_ref idref="fl-4"/>
      </object_component>
      <object_component id="oc-129">
         <name>.debug_info</name>
         <load_address>0xdd4</load_address>
         <run_address>0xdd4</run_address>
         <size>0x200</size>
         <input_file_ref idref="fl-5"/>
      </object_component>
      <object_component id="oc-a3">
         <name>.debug_info</name>
         <load_address>0xfd4</load_address>
         <run_address>0xfd4</run_address>
         <size>0x11f</size>
         <input_file_ref idref="fl-5"/>
      </object_component>
      <object_component id="oc-11d">
         <name>.debug_info</name>
         <load_address>0x10f3</load_address>
         <run_address>0x10f3</run_address>
         <size>0x4e</size>
         <input_file_ref idref="fl-5"/>
      </object_component>
      <object_component id="oc-2b">
         <name>.debug_info</name>
         <load_address>0x1141</load_address>
         <run_address>0x1141</run_address>
         <size>0x137</size>
         <input_file_ref idref="fl-bf"/>
      </object_component>
      <object_component id="oc-81">
         <name>.debug_info</name>
         <load_address>0x1278</load_address>
         <run_address>0x1278</run_address>
         <size>0xd0</size>
         <input_file_ref idref="fl-c0"/>
      </object_component>
      <object_component id="oc-19">
         <name>.debug_info</name>
         <load_address>0x1348</load_address>
         <run_address>0x1348</run_address>
         <size>0x21c</size>
         <input_file_ref idref="fl-c0"/>
      </object_component>
      <object_component id="oc-34">
         <name>.debug_info</name>
         <load_address>0x1564</load_address>
         <run_address>0x1564</run_address>
         <size>0x60</size>
         <input_file_ref idref="fl-c0"/>
      </object_component>
      <object_component id="oc-7c">
         <name>.debug_info</name>
         <load_address>0x15c4</load_address>
         <run_address>0x15c4</run_address>
         <size>0x46</size>
         <input_file_ref idref="fl-c0"/>
      </object_component>
      <object_component id="oc-49">
         <name>.debug_info</name>
         <load_address>0x160a</load_address>
         <run_address>0x160a</run_address>
         <size>0x117</size>
         <input_file_ref idref="fl-c1"/>
      </object_component>
      <object_component id="oc-20">
         <name>.debug_info</name>
         <load_address>0x1721</load_address>
         <run_address>0x1721</run_address>
         <size>0x1b6</size>
         <input_file_ref idref="fl-c1"/>
      </object_component>
      <object_component id="oc-44">
         <name>.debug_info</name>
         <load_address>0x18d7</load_address>
         <run_address>0x18d7</run_address>
         <size>0x46</size>
         <input_file_ref idref="fl-c1"/>
      </object_component>
      <object_component id="oc-83">
         <name>.debug_info</name>
         <load_address>0x191d</load_address>
         <run_address>0x191d</run_address>
         <size>0x2c</size>
         <input_file_ref idref="fl-c1"/>
      </object_component>
      <object_component id="oc-55">
         <name>.debug_info</name>
         <load_address>0x1949</load_address>
         <run_address>0x1949</run_address>
         <size>0x106</size>
         <input_file_ref idref="fl-c2"/>
      </object_component>
      <object_component id="oc-26">
         <name>.debug_info</name>
         <load_address>0x1a4f</load_address>
         <run_address>0x1a4f</run_address>
         <size>0x181</size>
         <input_file_ref idref="fl-c2"/>
      </object_component>
      <object_component id="oc-50">
         <name>.debug_info</name>
         <load_address>0x1bd0</load_address>
         <run_address>0x1bd0</run_address>
         <size>0x46</size>
         <input_file_ref idref="fl-c2"/>
      </object_component>
      <object_component id="oc-8b">
         <name>.debug_info</name>
         <load_address>0x1c16</load_address>
         <run_address>0x1c16</run_address>
         <size>0x2c</size>
         <input_file_ref idref="fl-c2"/>
      </object_component>
      <object_component id="oc-b1">
         <name>.debug_info</name>
         <load_address>0x1c42</load_address>
         <run_address>0x1c42</run_address>
         <size>0x20b</size>
         <input_file_ref idref="fl-c3"/>
      </object_component>
      <object_component id="oc-ab">
         <name>.debug_info</name>
         <load_address>0x1e4d</load_address>
         <run_address>0x1e4d</run_address>
         <size>0x15c</size>
         <input_file_ref idref="fl-c3"/>
      </object_component>
      <object_component id="oc-70">
         <name>.debug_info</name>
         <load_address>0x1fa9</load_address>
         <run_address>0x1fa9</run_address>
         <size>0x1eb</size>
         <input_file_ref idref="fl-c3"/>
      </object_component>
      <object_component id="oc-40">
         <name>.debug_info</name>
         <load_address>0x2194</load_address>
         <run_address>0x2194</run_address>
         <size>0x153</size>
         <input_file_ref idref="fl-c4"/>
      </object_component>
      <object_component id="oc-4d">
         <name>.debug_info</name>
         <load_address>0x22e7</load_address>
         <run_address>0x22e7</run_address>
         <size>0x11b</size>
         <input_file_ref idref="fl-c5"/>
      </object_component>
      <object_component id="oc-57">
         <name>.debug_info</name>
         <load_address>0x2402</load_address>
         <run_address>0x2402</run_address>
         <size>0x10f</size>
         <input_file_ref idref="fl-c6"/>
      </object_component>
      <object_component id="oc-60">
         <name>.debug_info</name>
         <load_address>0x2511</load_address>
         <run_address>0x2511</run_address>
         <size>0x11f</size>
         <input_file_ref idref="fl-c7"/>
      </object_component>
      <object_component id="oc-11c">
         <name>.debug_info</name>
         <load_address>0x2630</load_address>
         <run_address>0x2630</run_address>
         <size>0x203</size>
         <input_file_ref idref="fl-c8"/>
      </object_component>
      <object_component id="oc-d4">
         <name>.debug_info</name>
         <load_address>0x2833</load_address>
         <run_address>0x2833</run_address>
         <size>0x25b</size>
         <input_file_ref idref="fl-c8"/>
      </object_component>
      <object_component id="oc-1c3">
         <name>.debug_info</name>
         <load_address>0x2a8e</load_address>
         <run_address>0x2a8e</run_address>
         <size>0xae</size>
         <input_file_ref idref="fl-c8"/>
      </object_component>
      <object_component id="oc-75">
         <name>.debug_info</name>
         <load_address>0x2b3c</load_address>
         <run_address>0x2b3c</run_address>
         <size>0xe0</size>
         <input_file_ref idref="fl-c9"/>
      </object_component>
      <object_component id="oc-f6">
         <name>.debug_info</name>
         <load_address>0x2c1c</load_address>
         <run_address>0x2c1c</run_address>
         <size>0xfb</size>
         <input_file_ref idref="fl-ca"/>
      </object_component>
      <object_component id="oc-ae">
         <name>.debug_info</name>
         <load_address>0x2d17</load_address>
         <run_address>0x2d17</run_address>
         <size>0xea</size>
         <input_file_ref idref="fl-ca"/>
      </object_component>
      <object_component id="oc-ef">
         <name>.debug_info</name>
         <load_address>0x2e01</load_address>
         <run_address>0x2e01</run_address>
         <size>0x1f6</size>
         <input_file_ref idref="fl-ca"/>
      </object_component>
      <object_component id="oc-1ad">
         <name>.debug_info</name>
         <load_address>0x2ff7</load_address>
         <run_address>0x2ff7</run_address>
         <size>0x357</size>
         <input_file_ref idref="fl-cb"/>
      </object_component>
      <object_component id="oc-113">
         <name>.debug_info</name>
         <load_address>0x334e</load_address>
         <run_address>0x334e</run_address>
         <size>0x1520</size>
         <input_file_ref idref="fl-cb"/>
      </object_component>
      <object_component id="oc-1ae">
         <name>.debug_info</name>
         <load_address>0x486e</load_address>
         <run_address>0x486e</run_address>
         <size>0x86</size>
         <input_file_ref idref="fl-cb"/>
      </object_component>
      <object_component id="oc-1b8">
         <name>.debug_info</name>
         <load_address>0x48f4</load_address>
         <run_address>0x48f4</run_address>
         <size>0x2c</size>
         <input_file_ref idref="fl-cb"/>
      </object_component>
      <object_component id="oc-236">
         <name>.debug_info</name>
         <load_address>0x4920</load_address>
         <run_address>0x4920</run_address>
         <size>0x46</size>
         <input_file_ref idref="fl-cb"/>
      </object_component>
      <object_component id="oc-1b3">
         <name>.debug_info</name>
         <load_address>0x4966</load_address>
         <run_address>0x4966</run_address>
         <size>0x39</size>
         <input_file_ref idref="fl-cb"/>
      </object_component>
      <object_component id="oc-a9">
         <name>.debug_info</name>
         <load_address>0x499f</load_address>
         <run_address>0x499f</run_address>
         <size>0x13d</size>
         <input_file_ref idref="fl-cc"/>
      </object_component>
      <object_component id="oc-6b">
         <name>.debug_info</name>
         <load_address>0x4adc</load_address>
         <run_address>0x4adc</run_address>
         <size>0x13e</size>
         <input_file_ref idref="fl-cc"/>
      </object_component>
      <object_component id="oc-e7">
         <name>.debug_info</name>
         <load_address>0x4c1a</load_address>
         <run_address>0x4c1a</run_address>
         <size>0x5e</size>
         <input_file_ref idref="fl-cc"/>
      </object_component>
      <object_component id="oc-231">
         <name>.debug_info</name>
         <load_address>0x4c78</load_address>
         <run_address>0x4c78</run_address>
         <size>0xeb</size>
         <input_file_ref idref="fl-cd"/>
      </object_component>
      <object_component id="oc-1a4">
         <name>.debug_info</name>
         <load_address>0x4d63</load_address>
         <run_address>0x4d63</run_address>
         <size>0x148</size>
         <input_file_ref idref="fl-cd"/>
      </object_component>
      <object_component id="oc-a1">
         <name>.debug_info</name>
         <load_address>0x4eab</load_address>
         <run_address>0x4eab</run_address>
         <size>0x2c0</size>
         <input_file_ref idref="fl-ce"/>
      </object_component>
      <object_component id="oc-65">
         <name>.debug_info</name>
         <load_address>0x516b</load_address>
         <run_address>0x516b</run_address>
         <size>0x167</size>
         <input_file_ref idref="fl-ce"/>
      </object_component>
      <object_component id="oc-c8">
         <name>.debug_info</name>
         <load_address>0x52d2</load_address>
         <run_address>0x52d2</run_address>
         <size>0x39</size>
         <input_file_ref idref="fl-ce"/>
      </object_component>
      <object_component id="oc-101">
         <name>.debug_info</name>
         <load_address>0x530b</load_address>
         <run_address>0x530b</run_address>
         <size>0x39</size>
         <input_file_ref idref="fl-ce"/>
      </object_component>
      <object_component id="oc-cd">
         <name>.debug_info</name>
         <load_address>0x5344</load_address>
         <run_address>0x5344</run_address>
         <size>0xcd</size>
         <input_file_ref idref="fl-ce"/>
      </object_component>
      <object_component id="oc-c4">
         <name>.debug_info</name>
         <load_address>0x5411</load_address>
         <run_address>0x5411</run_address>
         <size>0x1b7</size>
         <input_file_ref idref="fl-cf"/>
      </object_component>
      <object_component id="oc-95">
         <name>.debug_info</name>
         <load_address>0x55c8</load_address>
         <run_address>0x55c8</run_address>
         <size>0x15a</size>
         <input_file_ref idref="fl-cf"/>
      </object_component>
      <object_component id="oc-fc">
         <name>.debug_info</name>
         <load_address>0x5722</load_address>
         <run_address>0x5722</run_address>
         <size>0x2c</size>
         <input_file_ref idref="fl-cf"/>
      </object_component>
      <object_component id="oc-27e">
         <name>.debug_info</name>
         <load_address>0x574e</load_address>
         <run_address>0x574e</run_address>
         <size>0xc5</size>
         <input_file_ref idref="fl-d0"/>
      </object_component>
      <object_component id="oc-22e">
         <name>.debug_info</name>
         <load_address>0x5813</load_address>
         <run_address>0x5813</run_address>
         <size>0xd1</size>
         <input_file_ref idref="fl-d0"/>
      </object_component>
      <object_component id="oc-1bf">
         <name>.debug_info</name>
         <load_address>0x58e4</load_address>
         <run_address>0x58e4</run_address>
         <size>0x110</size>
         <input_file_ref idref="fl-d1"/>
      </object_component>
      <object_component id="oc-119">
         <name>.debug_info</name>
         <load_address>0x59f4</load_address>
         <run_address>0x59f4</run_address>
         <size>0xce</size>
         <input_file_ref idref="fl-d1"/>
      </object_component>
      <object_component id="oc-1e0">
         <name>.debug_info</name>
         <load_address>0x5ac2</load_address>
         <run_address>0x5ac2</run_address>
         <size>0x15b</size>
         <input_file_ref idref="fl-d1"/>
      </object_component>
      <object_component id="oc-18b">
         <name>.debug_info</name>
         <load_address>0x5c1d</load_address>
         <run_address>0x5c1d</run_address>
         <size>0x132</size>
         <input_file_ref idref="fl-d2"/>
      </object_component>
      <object_component id="oc-166">
         <name>.debug_info</name>
         <load_address>0x5d4f</load_address>
         <run_address>0x5d4f</run_address>
         <size>0xf9</size>
         <input_file_ref idref="fl-d3"/>
      </object_component>
      <object_component id="oc-175">
         <name>.debug_info</name>
         <load_address>0x5e48</load_address>
         <run_address>0x5e48</run_address>
         <size>0xfb</size>
         <input_file_ref idref="fl-d3"/>
      </object_component>
      <object_component id="oc-171">
         <name>.debug_info</name>
         <load_address>0x5f43</load_address>
         <run_address>0x5f43</run_address>
         <size>0x117</size>
         <input_file_ref idref="fl-d4"/>
      </object_component>
      <object_component id="oc-16b">
         <name>.debug_info</name>
         <load_address>0x605a</load_address>
         <run_address>0x605a</run_address>
         <size>0x117</size>
         <input_file_ref idref="fl-d5"/>
      </object_component>
      <object_component id="oc-17c">
         <name>.debug_info</name>
         <load_address>0x6171</load_address>
         <run_address>0x6171</run_address>
         <size>0x105</size>
         <input_file_ref idref="fl-d6"/>
      </object_component>
      <object_component id="oc-14c">
         <name>.debug_info</name>
         <load_address>0x6276</load_address>
         <run_address>0x6276</run_address>
         <size>0x1b5</size>
         <input_file_ref idref="fl-d7"/>
      </object_component>
      <object_component id="oc-107">
         <name>.debug_info</name>
         <load_address>0x642b</load_address>
         <run_address>0x642b</run_address>
         <size>0x216</size>
         <input_file_ref idref="fl-d7"/>
      </object_component>
      <object_component id="oc-15a">
         <name>.debug_info</name>
         <load_address>0x6641</load_address>
         <run_address>0x6641</run_address>
         <size>0x279</size>
         <input_file_ref idref="fl-d8"/>
      </object_component>
      <object_component id="oc-10d">
         <name>.debug_info</name>
         <load_address>0x68ba</load_address>
         <run_address>0x68ba</run_address>
         <size>0x322</size>
         <input_file_ref idref="fl-d8"/>
      </object_component>
      <object_component id="oc-186">
         <name>.debug_info</name>
         <load_address>0x6bdc</load_address>
         <run_address>0x6bdc</run_address>
         <size>0xfa</size>
         <input_file_ref idref="fl-d9"/>
      </object_component>
      <object_component id="oc-1f4">
         <name>.debug_info</name>
         <load_address>0x6cd6</load_address>
         <run_address>0x6cd6</run_address>
         <size>0x477</size>
         <input_file_ref idref="fl-da"/>
      </object_component>
      <object_component id="oc-1f1">
         <name>.debug_info</name>
         <load_address>0x714d</load_address>
         <run_address>0x714d</run_address>
         <size>0xed</size>
         <input_file_ref idref="fl-da"/>
      </object_component>
      <object_component id="oc-148">
         <name>.debug_info</name>
         <load_address>0x723a</load_address>
         <run_address>0x723a</run_address>
         <size>0xae2</size>
         <input_file_ref idref="fl-da"/>
      </object_component>
      <object_component id="oc-266">
         <name>.debug_info</name>
         <load_address>0x7d1c</load_address>
         <run_address>0x7d1c</run_address>
         <size>0x120</size>
         <input_file_ref idref="fl-da"/>
      </object_component>
      <object_component id="oc-1f6">
         <name>.debug_info</name>
         <load_address>0x7e3c</load_address>
         <run_address>0x7e3c</run_address>
         <size>0x2c</size>
         <input_file_ref idref="fl-da"/>
      </object_component>
      <object_component id="oc-216">
         <name>.debug_info</name>
         <load_address>0x7e68</load_address>
         <run_address>0x7e68</run_address>
         <size>0x123</size>
         <input_file_ref idref="fl-db"/>
      </object_component>
      <object_component id="oc-17f">
         <name>.debug_info</name>
         <load_address>0x7f8b</load_address>
         <run_address>0x7f8b</run_address>
         <size>0x1b1</size>
         <input_file_ref idref="fl-db"/>
      </object_component>
      <object_component id="oc-233">
         <name>.debug_info</name>
         <load_address>0x813c</load_address>
         <run_address>0x813c</run_address>
         <size>0xc8</size>
         <input_file_ref idref="fl-dc"/>
      </object_component>
      <object_component id="oc-1a7">
         <name>.debug_info</name>
         <load_address>0x8204</load_address>
         <run_address>0x8204</run_address>
         <size>0x182</size>
         <input_file_ref idref="fl-dc"/>
      </object_component>
      <object_component id="oc-200">
         <name>.debug_info</name>
         <load_address>0x8386</load_address>
         <run_address>0x8386</run_address>
         <size>0xd7</size>
         <input_file_ref idref="fl-dd"/>
      </object_component>
      <object_component id="oc-157">
         <name>.debug_info</name>
         <load_address>0x845d</load_address>
         <run_address>0x845d</run_address>
         <size>0x1cb</size>
         <input_file_ref idref="fl-dd"/>
      </object_component>
      <object_component id="oc-21a">
         <name>.debug_info</name>
         <load_address>0x8628</load_address>
         <run_address>0x8628</run_address>
         <size>0x116</size>
         <input_file_ref idref="fl-de"/>
      </object_component>
      <object_component id="oc-18f">
         <name>.debug_info</name>
         <load_address>0x873e</load_address>
         <run_address>0x873e</run_address>
         <size>0x160</size>
         <input_file_ref idref="fl-de"/>
      </object_component>
      <object_component id="oc-21b">
         <name>.debug_info</name>
         <load_address>0x889e</load_address>
         <run_address>0x889e</run_address>
         <size>0x2c</size>
         <input_file_ref idref="fl-de"/>
      </object_component>
      <object_component id="oc-22a">
         <name>.debug_info</name>
         <load_address>0x88ca</load_address>
         <run_address>0x88ca</run_address>
         <size>0x153</size>
         <input_file_ref idref="fl-df"/>
      </object_component>
      <object_component id="oc-196">
         <name>.debug_info</name>
         <load_address>0x8a1d</load_address>
         <run_address>0x8a1d</run_address>
         <size>0x1b8</size>
         <input_file_ref idref="fl-df"/>
      </object_component>
      <object_component id="oc-9c">
         <name>.debug_info</name>
         <load_address>0x8bd5</load_address>
         <run_address>0x8bd5</run_address>
         <size>0x11c</size>
         <input_file_ref idref="fl-e0"/>
      </object_component>
      <object_component id="oc-22c">
         <name>.debug_info</name>
         <load_address>0x8cf1</load_address>
         <run_address>0x8cf1</run_address>
         <size>0xcc</size>
         <input_file_ref idref="fl-e1"/>
      </object_component>
      <object_component id="oc-19b">
         <name>.debug_info</name>
         <load_address>0x8dbd</load_address>
         <run_address>0x8dbd</run_address>
         <size>0x1cd</size>
         <input_file_ref idref="fl-e1"/>
      </object_component>
      <object_component id="oc-259">
         <name>.debug_info</name>
         <load_address>0x8f8a</load_address>
         <run_address>0x8f8a</run_address>
         <size>0xbc</size>
         <input_file_ref idref="fl-e2"/>
      </object_component>
      <object_component id="oc-1e5">
         <name>.debug_info</name>
         <load_address>0x9046</load_address>
         <run_address>0x9046</run_address>
         <size>0x1e1</size>
         <input_file_ref idref="fl-e2"/>
      </object_component>
      <object_component id="oc-1fe">
         <name>.debug_info</name>
         <load_address>0x9227</load_address>
         <run_address>0x9227</run_address>
         <size>0xc1</size>
         <input_file_ref idref="fl-e3"/>
      </object_component>
      <object_component id="oc-14e">
         <name>.debug_info</name>
         <load_address>0x92e8</load_address>
         <run_address>0x92e8</run_address>
         <size>0x1b3</size>
         <input_file_ref idref="fl-e3"/>
      </object_component>
      <object_component id="oc-25b">
         <name>.debug_info</name>
         <load_address>0x949b</load_address>
         <run_address>0x949b</run_address>
         <size>0xcd</size>
         <input_file_ref idref="fl-e4"/>
      </object_component>
      <object_component id="oc-1eb">
         <name>.debug_info</name>
         <load_address>0x9568</load_address>
         <run_address>0x9568</run_address>
         <size>0x1e2</size>
         <input_file_ref idref="fl-e4"/>
      </object_component>
      <object_component id="oc-2a8">
         <name>.debug_info</name>
         <load_address>0x974a</load_address>
         <run_address>0x974a</run_address>
         <size>0x226</size>
         <input_file_ref idref="fl-e5"/>
      </object_component>
      <object_component id="oc-2a5">
         <name>.debug_info</name>
         <load_address>0x9970</load_address>
         <run_address>0x9970</run_address>
         <size>0xcf</size>
         <input_file_ref idref="fl-e5"/>
      </object_component>
      <object_component id="oc-25d">
         <name>.debug_info</name>
         <load_address>0x9a3f</load_address>
         <run_address>0x9a3f</run_address>
         <size>0xa27</size>
         <input_file_ref idref="fl-e5"/>
      </object_component>
      <object_component id="oc-2a9">
         <name>.debug_info</name>
         <load_address>0xa466</load_address>
         <run_address>0xa466</run_address>
         <size>0x53</size>
         <input_file_ref idref="fl-e5"/>
      </object_component>
      <object_component id="oc-2bb">
         <name>.debug_info</name>
         <load_address>0xa4b9</load_address>
         <run_address>0xa4b9</run_address>
         <size>0xed</size>
         <input_file_ref idref="fl-e6"/>
      </object_component>
      <object_component id="oc-2b8">
         <name>.debug_info</name>
         <load_address>0xa5a6</load_address>
         <run_address>0xa5a6</run_address>
         <size>0xd4</size>
         <input_file_ref idref="fl-e6"/>
      </object_component>
      <object_component id="oc-29a">
         <name>.debug_info</name>
         <load_address>0xa67a</load_address>
         <run_address>0xa67a</run_address>
         <size>0x258</size>
         <input_file_ref idref="fl-e6"/>
      </object_component>
      <object_component id="oc-161">
         <name>.debug_info</name>
         <load_address>0xa8d2</load_address>
         <run_address>0xa8d2</run_address>
         <size>0x117</size>
         <input_file_ref idref="fl-e7"/>
      </object_component>
      <object_component id="oc-15c">
         <name>.debug_info</name>
         <load_address>0xa9e9</load_address>
         <run_address>0xa9e9</run_address>
         <size>0x159</size>
         <input_file_ref idref="fl-e8"/>
      </object_component>
      <object_component id="oc-1de">
         <name>.debug_info</name>
         <load_address>0xab42</load_address>
         <run_address>0xab42</run_address>
         <size>0x128</size>
         <input_file_ref idref="fl-e9"/>
      </object_component>
      <object_component id="oc-13b">
         <name>.debug_info</name>
         <load_address>0xac6a</load_address>
         <run_address>0xac6a</run_address>
         <size>0x207</size>
         <input_file_ref idref="fl-e9"/>
      </object_component>
      <object_component id="oc-24d">
         <name>.debug_info</name>
         <load_address>0xae71</load_address>
         <run_address>0xae71</run_address>
         <size>0xbb</size>
         <input_file_ref idref="fl-e9"/>
      </object_component>
      <object_component id="oc-227">
         <name>.debug_info</name>
         <load_address>0xaf2c</load_address>
         <run_address>0xaf2c</run_address>
         <size>0xca</size>
         <input_file_ref idref="fl-ea"/>
      </object_component>
      <object_component id="oc-1e3">
         <name>.debug_info</name>
         <load_address>0xaff6</load_address>
         <run_address>0xaff6</run_address>
         <size>0x179</size>
         <input_file_ref idref="fl-eb"/>
      </object_component>
      <object_component id="oc-141">
         <name>.debug_info</name>
         <load_address>0xb16f</load_address>
         <run_address>0xb16f</run_address>
         <size>0x231</size>
         <input_file_ref idref="fl-eb"/>
      </object_component>
      <object_component id="oc-23e">
         <name>.debug_info</name>
         <load_address>0xb3a0</load_address>
         <run_address>0xb3a0</run_address>
         <size>0x156</size>
         <input_file_ref idref="fl-ec"/>
      </object_component>
      <object_component id="oc-1d2">
         <name>.debug_info</name>
         <load_address>0xb4f6</load_address>
         <run_address>0xb4f6</run_address>
         <size>0x1b8</size>
         <input_file_ref idref="fl-ec"/>
      </object_component>
      <object_component id="oc-205">
         <name>.debug_info</name>
         <load_address>0xb6ae</load_address>
         <run_address>0xb6ae</run_address>
         <size>0x11e</size>
         <input_file_ref idref="fl-ed"/>
      </object_component>
      <object_component id="oc-213">
         <name>.debug_info</name>
         <load_address>0xb7cc</load_address>
         <run_address>0xb7cc</run_address>
         <size>0x115</size>
         <input_file_ref idref="fl-ee"/>
      </object_component>
      <object_component id="oc-224">
         <name>.debug_info</name>
         <load_address>0xb8e1</load_address>
         <run_address>0xb8e1</run_address>
         <size>0x12b</size>
         <input_file_ref idref="fl-ef"/>
      </object_component>
      <object_component id="oc-24c">
         <name>.debug_info</name>
         <load_address>0xba0c</load_address>
         <run_address>0xba0c</run_address>
         <size>0x197</size>
         <input_file_ref idref="fl-f0"/>
      </object_component>
      <object_component id="oc-1d8">
         <name>.debug_info</name>
         <load_address>0xbba3</load_address>
         <run_address>0xbba3</run_address>
         <size>0x1d7</size>
         <input_file_ref idref="fl-f0"/>
      </object_component>
      <object_component id="oc-2bd">
         <name>.debug_info</name>
         <load_address>0xbd7a</load_address>
         <run_address>0xbd7a</run_address>
         <size>0xc7</size>
         <input_file_ref idref="fl-f1"/>
      </object_component>
      <object_component id="oc-2a1">
         <name>.debug_info</name>
         <load_address>0xbe41</load_address>
         <run_address>0xbe41</run_address>
         <size>0x1ba</size>
         <input_file_ref idref="fl-f1"/>
      </object_component>
      <object_component id="oc-291">
         <name>.debug_info</name>
         <load_address>0xbffb</load_address>
         <run_address>0xbffb</run_address>
         <size>0x213</size>
         <input_file_ref idref="fl-f2"/>
      </object_component>
      <object_component id="oc-246">
         <name>.debug_info</name>
         <load_address>0xc20e</load_address>
         <run_address>0xc20e</run_address>
         <size>0x417</size>
         <input_file_ref idref="fl-f2"/>
      </object_component>
      <object_component id="oc-b7">
         <name>.debug_info</name>
         <load_address>0xc625</load_address>
         <run_address>0xc625</run_address>
         <size>0x2c</size>
         <input_file_ref idref="fl-f2"/>
      </object_component>
      <object_component id="oc-7a">
         <name>.debug_info</name>
         <load_address>0xc651</load_address>
         <run_address>0xc651</run_address>
         <size>0x1f9</size>
         <input_file_ref idref="fl-f3"/>
      </object_component>
      <object_component id="oc-31">
         <name>.debug_info</name>
         <load_address>0xc84a</load_address>
         <run_address>0xc84a</run_address>
         <size>0xd8</size>
         <input_file_ref idref="fl-f3"/>
      </object_component>
      <object_component id="oc-286">
         <name>.debug_info</name>
         <load_address>0xc922</load_address>
         <run_address>0xc922</run_address>
         <size>0x123</size>
         <input_file_ref idref="fl-f3"/>
      </object_component>
      <object_component id="oc-240">
         <name>.debug_info</name>
         <load_address>0xca45</load_address>
         <run_address>0xca45</run_address>
         <size>0x851</size>
         <input_file_ref idref="fl-f3"/>
      </object_component>
      <object_component id="oc-bc">
         <name>.debug_info</name>
         <load_address>0xd296</load_address>
         <run_address>0xd296</run_address>
         <size>0x62</size>
         <input_file_ref idref="fl-f3"/>
      </object_component>
      <object_component id="oc-2b4">
         <name>.debug_info</name>
         <load_address>0xd2f8</load_address>
         <run_address>0xd2f8</run_address>
         <size>0x1d7</size>
         <input_file_ref idref="fl-f4"/>
      </object_component>
      <object_component id="oc-28a">
         <name>.debug_info</name>
         <load_address>0xd4cf</load_address>
         <run_address>0xd4cf</run_address>
         <size>0x26f</size>
         <input_file_ref idref="fl-f4"/>
      </object_component>
      <object_component id="oc-2f9">
         <name>.debug_info</name>
         <load_address>0xd73e</load_address>
         <run_address>0xd73e</run_address>
         <size>0x8c</size>
      </object_component>
      <object_component id="oc-1c9">
         <name>.debug_line</name>
         <load_address>0x0</load_address>
         <run_address>0x0</run_address>
         <size>0x44</size>
         <input_file_ref idref="fl-2"/>
      </object_component>
      <object_component id="oc-133">
         <name>.debug_line</name>
         <load_address>0x44</load_address>
         <run_address>0x44</run_address>
         <size>0x113</size>
         <input_file_ref idref="fl-2"/>
      </object_component>
      <object_component id="oc-3c">
         <name>.debug_line</name>
         <load_address>0x157</load_address>
         <run_address>0x157</run_address>
         <size>0x20</size>
         <input_file_ref idref="fl-2"/>
      </object_component>
      <object_component id="oc-1cb">
         <name>.debug_line</name>
         <load_address>0x177</load_address>
         <run_address>0x177</run_address>
         <size>0x39</size>
         <input_file_ref idref="fl-3"/>
      </object_component>
      <object_component id="oc-dc">
         <name>.debug_line</name>
         <load_address>0x1b0</load_address>
         <run_address>0x1b0</run_address>
         <size>0x51</size>
         <input_file_ref idref="fl-3"/>
      </object_component>
      <object_component id="oc-1cd">
         <name>.debug_line</name>
         <load_address>0x201</load_address>
         <run_address>0x201</run_address>
         <size>0x80</size>
         <input_file_ref idref="fl-4"/>
      </object_component>
      <object_component id="oc-e3">
         <name>.debug_line</name>
         <load_address>0x281</load_address>
         <run_address>0x281</run_address>
         <size>0x58</size>
         <input_file_ref idref="fl-4"/>
      </object_component>
      <object_component id="oc-1cf">
         <name>.debug_line</name>
         <load_address>0x2d9</load_address>
         <run_address>0x2d9</run_address>
         <size>0xbf</size>
         <input_file_ref idref="fl-5"/>
      </object_component>
      <object_component id="oc-a6">
         <name>.debug_line</name>
         <load_address>0x398</load_address>
         <run_address>0x398</run_address>
         <size>0x49</size>
         <input_file_ref idref="fl-5"/>
      </object_component>
      <object_component id="oc-120">
         <name>.debug_line</name>
         <load_address>0x3e1</load_address>
         <run_address>0x3e1</run_address>
         <size>0x6c</size>
         <input_file_ref idref="fl-5"/>
      </object_component>
      <object_component id="oc-2e">
         <name>.debug_line</name>
         <load_address>0x44d</load_address>
         <run_address>0x44d</run_address>
         <size>0x4c</size>
         <input_file_ref idref="fl-bf"/>
      </object_component>
      <object_component id="oc-c2">
         <name>.debug_line</name>
         <load_address>0x499</load_address>
         <run_address>0x499</run_address>
         <size>0x20</size>
         <input_file_ref idref="fl-c0"/>
      </object_component>
      <object_component id="oc-1c">
         <name>.debug_line</name>
         <load_address>0x4b9</load_address>
         <run_address>0x4b9</run_address>
         <size>0xa1</size>
         <input_file_ref idref="fl-c0"/>
      </object_component>
      <object_component id="oc-37">
         <name>.debug_line</name>
         <load_address>0x55a</load_address>
         <run_address>0x55a</run_address>
         <size>0x3a</size>
         <input_file_ref idref="fl-c0"/>
      </object_component>
      <object_component id="oc-7f">
         <name>.debug_line</name>
         <load_address>0x594</load_address>
         <run_address>0x594</run_address>
         <size>0x63</size>
         <input_file_ref idref="fl-c0"/>
      </object_component>
      <object_component id="oc-89">
         <name>.debug_line</name>
         <load_address>0x5f7</load_address>
         <run_address>0x5f7</run_address>
         <size>0x63</size>
         <input_file_ref idref="fl-c1"/>
      </object_component>
      <object_component id="oc-22">
         <name>.debug_line</name>
         <load_address>0x65a</load_address>
         <run_address>0x65a</run_address>
         <size>0x52</size>
         <input_file_ref idref="fl-c1"/>
      </object_component>
      <object_component id="oc-47">
         <name>.debug_line</name>
         <load_address>0x6ac</load_address>
         <run_address>0x6ac</run_address>
         <size>0x3a</size>
         <input_file_ref idref="fl-c1"/>
      </object_component>
      <object_component id="oc-86">
         <name>.debug_line</name>
         <load_address>0x6e6</load_address>
         <run_address>0x6e6</run_address>
         <size>0x63</size>
         <input_file_ref idref="fl-c1"/>
      </object_component>
      <object_component id="oc-91">
         <name>.debug_line</name>
         <load_address>0x749</load_address>
         <run_address>0x749</run_address>
         <size>0x63</size>
         <input_file_ref idref="fl-c2"/>
      </object_component>
      <object_component id="oc-25">
         <name>.debug_line</name>
         <load_address>0x7ac</load_address>
         <run_address>0x7ac</run_address>
         <size>0x4f</size>
         <input_file_ref idref="fl-c2"/>
      </object_component>
      <object_component id="oc-53">
         <name>.debug_line</name>
         <load_address>0x7fb</load_address>
         <run_address>0x7fb</run_address>
         <size>0x34</size>
         <input_file_ref idref="fl-c2"/>
      </object_component>
      <object_component id="oc-8e">
         <name>.debug_line</name>
         <load_address>0x82f</load_address>
         <run_address>0x82f</run_address>
         <size>0x63</size>
         <input_file_ref idref="fl-c2"/>
      </object_component>
      <object_component id="oc-f9">
         <name>.debug_line</name>
         <load_address>0x892</load_address>
         <run_address>0x892</run_address>
         <size>0xa4</size>
         <input_file_ref idref="fl-c3"/>
      </object_component>
      <object_component id="oc-ed">
         <name>.debug_line</name>
         <load_address>0x936</load_address>
         <run_address>0x936</run_address>
         <size>0x2a</size>
         <input_file_ref idref="fl-c3"/>
      </object_component>
      <object_component id="oc-6f">
         <name>.debug_line</name>
         <load_address>0x960</load_address>
         <run_address>0x960</run_address>
         <size>0x80</size>
         <input_file_ref idref="fl-c3"/>
      </object_component>
      <object_component id="oc-42">
         <name>.debug_line</name>
         <load_address>0x9e0</load_address>
         <run_address>0x9e0</run_address>
         <size>0x9a</size>
         <input_file_ref idref="fl-c4"/>
      </object_component>
      <object_component id="oc-4b">
         <name>.debug_line</name>
         <load_address>0xa7a</load_address>
         <run_address>0xa7a</run_address>
         <size>0x73</size>
         <input_file_ref idref="fl-c5"/>
      </object_component>
      <object_component id="oc-5b">
         <name>.debug_line</name>
         <load_address>0xaed</load_address>
         <run_address>0xaed</run_address>
         <size>0x3d</size>
         <input_file_ref idref="fl-c6"/>
      </object_component>
      <object_component id="oc-5e">
         <name>.debug_line</name>
         <load_address>0xb2a</load_address>
         <run_address>0xb2a</run_address>
         <size>0x40</size>
         <input_file_ref idref="fl-c7"/>
      </object_component>
      <object_component id="oc-1c2">
         <name>.debug_line</name>
         <load_address>0xb6a</load_address>
         <run_address>0xb6a</run_address>
         <size>0xb0</size>
         <input_file_ref idref="fl-c8"/>
      </object_component>
      <object_component id="oc-d7">
         <name>.debug_line</name>
         <load_address>0xc1a</load_address>
         <run_address>0xc1a</run_address>
         <size>0x89</size>
         <input_file_ref idref="fl-c8"/>
      </object_component>
      <object_component id="oc-1c6">
         <name>.debug_line</name>
         <load_address>0xca3</load_address>
         <run_address>0xca3</run_address>
         <size>0x62</size>
         <input_file_ref idref="fl-c8"/>
      </object_component>
      <object_component id="oc-b4">
         <name>.debug_line</name>
         <load_address>0xd05</load_address>
         <run_address>0xd05</run_address>
         <size>0x33</size>
         <input_file_ref idref="fl-c9"/>
      </object_component>
      <object_component id="oc-138">
         <name>.debug_line</name>
         <load_address>0xd38</load_address>
         <run_address>0xd38</run_address>
         <size>0x20</size>
         <input_file_ref idref="fl-ca"/>
      </object_component>
      <object_component id="oc-f5">
         <name>.debug_line</name>
         <load_address>0xd58</load_address>
         <run_address>0xd58</run_address>
         <size>0x2b</size>
         <input_file_ref idref="fl-ca"/>
      </object_component>
      <object_component id="oc-f2">
         <name>.debug_line</name>
         <load_address>0xd83</load_address>
         <run_address>0xd83</run_address>
         <size>0x64</size>
         <input_file_ref idref="fl-ca"/>
      </object_component>
      <object_component id="oc-235">
         <name>.debug_line</name>
         <load_address>0xde7</load_address>
         <run_address>0xde7</run_address>
         <size>0xf5</size>
         <input_file_ref idref="fl-cb"/>
      </object_component>
      <object_component id="oc-116">
         <name>.debug_line</name>
         <load_address>0xedc</load_address>
         <run_address>0xedc</run_address>
         <size>0xb95</size>
         <input_file_ref idref="fl-cb"/>
      </object_component>
      <object_component id="oc-1b1">
         <name>.debug_line</name>
         <load_address>0x1a71</load_address>
         <run_address>0x1a71</run_address>
         <size>0x63</size>
         <input_file_ref idref="fl-cb"/>
      </object_component>
      <object_component id="oc-1bb">
         <name>.debug_line</name>
         <load_address>0x1ad4</load_address>
         <run_address>0x1ad4</run_address>
         <size>0x62</size>
         <input_file_ref idref="fl-cb"/>
      </object_component>
      <object_component id="oc-239">
         <name>.debug_line</name>
         <load_address>0x1b36</load_address>
         <run_address>0x1b36</run_address>
         <size>0x63</size>
         <input_file_ref idref="fl-cb"/>
      </object_component>
      <object_component id="oc-1b6">
         <name>.debug_line</name>
         <load_address>0x1b99</load_address>
         <run_address>0x1b99</run_address>
         <size>0x2e</size>
         <input_file_ref idref="fl-cb"/>
      </object_component>
      <object_component id="oc-e6">
         <name>.debug_line</name>
         <load_address>0x1bc7</load_address>
         <run_address>0x1bc7</run_address>
         <size>0x2b</size>
         <input_file_ref idref="fl-cc"/>
      </object_component>
      <object_component id="oc-69">
         <name>.debug_line</name>
         <load_address>0x1bf2</load_address>
         <run_address>0x1bf2</run_address>
         <size>0x50</size>
         <input_file_ref idref="fl-cc"/>
      </object_component>
      <object_component id="oc-ea">
         <name>.debug_line</name>
         <load_address>0x1c42</load_address>
         <run_address>0x1c42</run_address>
         <size>0x2b</size>
         <input_file_ref idref="fl-cc"/>
      </object_component>
      <object_component id="oc-280">
         <name>.debug_line</name>
         <load_address>0x1c6d</load_address>
         <run_address>0x1c6d</run_address>
         <size>0x62</size>
         <input_file_ref idref="fl-cd"/>
      </object_component>
      <object_component id="oc-1a2">
         <name>.debug_line</name>
         <load_address>0x1ccf</load_address>
         <run_address>0x1ccf</run_address>
         <size>0x61</size>
         <input_file_ref idref="fl-cd"/>
      </object_component>
[...]
      </symbol>
      <symbol id="sm-a9">
         <name>_c_int00</name>
         <value>0x40204cf0</value>
         <object_component_ref idref="oc-2a"/>
      </symbol>
      <symbol id="sm-aa">
         <name>__stack</name>
         <value>0x40204fe0</value>
         <object_component_ref idref="oc-2f"/>
      </symbol>
      <symbol id="sm-c8">
         <name>__TI_decompress_lzss</name>
         <value>0x40204970</value>
         <object_component_ref idref="oc-18"/>
      </symbol>
      <symbol id="sm-df">
         <name>__TI_decompress_none</name>
         <value>0x40204f98</value>
         <object_component_ref idref="oc-1e"/>
      </symbol>
      <symbol id="sm-f6">
         <name>__TI_zero_init</name>
         <value>0x40204fac</value>
         <object_component_ref idref="oc-24"/>
      </symbol>
      <symbol id="sm-117">
         <name>C$$EXIT</name>
         <value>0x40204a00</value>
         <object_component_ref idref="oc-6e"/>
      </symbol>
      <symbol id="sm-118">
         <name>abort</name>
         <value>0x40204a08</value>
         <object_component_ref idref="oc-6e"/>
      </symbol>
      <symbol id="sm-119">
         <name>exit</name>
         <value>0x40204a14</value>
         <object_component_ref idref="oc-6e"/>
      </symbol>
      <symbol id="sm-11a">
         <name>__TI_dtors_ptr</name>
         <value>0x4020697c</value>
         <object_component_ref idref="oc-aa"/>
      </symbol>
      <symbol id="sm-11b">
         <name>__TI_cleanup_ptr</name>
         <value>0x40206978</value>
         <object_component_ref idref="oc-aa"/>
      </symbol>
      <symbol id="sm-11c">
         <name>__TI_enable_exit_profile_output</name>
         <value>0x40206980</value>
         <object_component_ref idref="oc-aa"/>
      </symbol>
      <symbol id="sm-135">
         <name>memcpy</name>
         <value>0x40203908</value>
         <object_component_ref idref="oc-3e"/>
      </symbol>
      <symbol id="sm-136">
         <name>__aeabi_memcpy</name>
         <value>0x40203908</value>
         <object_component_ref idref="oc-3e"/>
      </symbol>
      <symbol id="sm-137">
         <name>__aeabi_memcpy8</name>
         <value>0x40203908</value>
         <object_component_ref idref="oc-3e"/>
      </symbol>
      <symbol id="sm-138">
         <name>__aeabi_memcpy4</name>
         <value>0x40203908</value>
         <object_component_ref idref="oc-3e"/>
      </symbol>
      <symbol id="sm-147">
         <name>__aeabi_memset</name>
         <value>0x4020462c</value>
         <object_component_ref idref="oc-4a"/>
      </symbol>
      <symbol id="sm-148">
         <name>memset</name>
         <value>0x40204638</value>
         <object_component_ref idref="oc-4a"/>
      </symbol>
      <symbol id="sm-149">
         <name>__aeabi_memset8</name>
         <value>0x4020462c</value>
         <object_component_ref idref="oc-4a"/>
      </symbol>
      <symbol id="sm-14a">
         <name>__aeabi_memset4</name>
         <value>0x4020462c</value>
         <object_component_ref idref="oc-4a"/>
      </symbol>
      <symbol id="sm-14b">
         <name>__aeabi_memclr8</name>
         <value>0x40204628</value>
         <object_component_ref idref="oc-4a"/>
      </symbol>
      <symbol id="sm-14c">
         <name>__aeabi_memclr4</name>
         <value>0x40204628</value>
         <object_component_ref idref="oc-4a"/>
      </symbol>
      <symbol id="sm-14d">
         <name>__aeabi_memclr</name>
         <value>0x40204628</value>
         <object_component_ref idref="oc-4a"/>
      </symbol>
      <symbol id="sm-157">
         <name>__mpu_init</name>
         <value>0x40204fd8</value>
         <object_component_ref idref="oc-56"/>
      </symbol>
      <symbol id="sm-161">
         <name>_system_pre_init</name>
         <value>0x40204fcc</value>
         <object_component_ref idref="oc-5c"/>
      </symbol>
      <symbol id="sm-17f">
         <name>printf</name>
         <value>0x40204830</value>
         <object_component_ref idref="oc-d2"/>
      </symbol>
      <symbol id="sm-187">
         <name>main_func_sp</name>
         <value>0x402069a0</value>
         <object_component_ref idref="oc-74"/>
      </symbol>
      <symbol id="sm-1a1">
         <name>_nop</name>
         <value>0x40204f38</value>
         <object_component_ref idref="oc-ee"/>
      </symbol>
      <symbol id="sm-1a2">
         <name>_lock</name>
         <value>0x40206990</value>
         <object_component_ref idref="oc-ad"/>
      </symbol>
      <symbol id="sm-1a3">
         <name>_unlock</name>
         <value>0x40206994</value>
         <object_component_ref idref="oc-ad"/>
      </symbol>
      <symbol id="sm-1a4">
         <name>_register_lock</name>
         <value>0x40204f2c</value>
         <object_component_ref idref="oc-ee"/>
      </symbol>
      <symbol id="sm-1a5">
         <name>_register_unlock</name>
         <value>0x40204f20</value>
         <object_component_ref idref="oc-ee"/>
      </symbol>
      <symbol id="sm-298">
         <name>__TI_printfi</name>
         <value>0x40200c4c</value>
         <object_component_ref idref="oc-112"/>
      </symbol>
      <symbol id="sm-2ac">
         <name>_args_main</name>
         <value>0x40204f44</value>
         <object_component_ref idref="oc-68"/>
      </symbol>
      <symbol id="sm-2c1">
         <name>atoi</name>
         <value>0x40204a90</value>
         <object_component_ref idref="oc-1a0"/>
      </symbol>
      <symbol id="sm-2ea">
         <name>__TI_auto_init</name>
         <value>0x402046d8</value>
         <object_component_ref idref="oc-62"/>
      </symbol>
      <symbol id="sm-304">
         <name>copy_in</name>
         <value>0x40204b14</value>
         <object_component_ref idref="oc-94"/>
      </symbol>
      <symbol id="sm-30f">
         <name>_ctypes_</name>
         <value>0x402069a4</value>
         <object_component_ref idref="oc-22d"/>
      </symbol>
      <symbol id="sm-324">
         <name>__TI_tmpnams</name>
         <value>0x402066d0</value>
      </symbol>
      <symbol id="sm-325">
         <name>__aeabi_stdout</name>
         <value>0x40206970</value>
         <object_component_ref idref="oc-1df"/>
      </symbol>
      <symbol id="sm-326">
         <name>__aeabi_stderr</name>
         <value>0x40206974</value>
         <object_component_ref idref="oc-1df"/>
      </symbol>
      <symbol id="sm-327">
         <name>__aeabi_stdin</name>
         <value>0x4020696c</value>
         <object_component_ref idref="oc-1df"/>
      </symbol>
      <symbol id="sm-328">
         <name>_ftable</name>
         <value>0x402067a8</value>
         <object_component_ref idref="oc-118"/>
      </symbol>
      <symbol id="sm-329">
         <name>__TI_ft_end</name>
         <value>0x40206968</value>
         <object_component_ref idref="oc-1df"/>
      </symbol>
      <symbol id="sm-340">
         <name>__aeabi_dsub</name>
         <value>0x4020339c</value>
         <object_component_ref idref="oc-189"/>
      </symbol>
      <symbol id="sm-341">
         <name>__aeabi_dadd</name>
         <value>0x402033a8</value>
         <object_component_ref idref="oc-189"/>
      </symbol>
      <symbol id="sm-363">
         <name>__aeabi_cdcmpeq</name>
         <value>0x40204468</value>
         <object_component_ref idref="oc-165"/>
      </symbol>
      <symbol id="sm-364">
         <name>__aeabi_cdcmple</name>
         <value>0x40204468</value>
         <object_component_ref idref="oc-165"/>
      </symbol>
      <symbol id="sm-365">
         <name>__aeabi_cdrcmple</name>
         <value>0x40204548</value>
         <object_component_ref idref="oc-174"/>
      </symbol>
      <symbol id="sm-379">
         <name>__aeabi_ddiv</name>
         <value>0x40203778</value>
         <object_component_ref idref="oc-16f"/>
      </symbol>
      <symbol id="sm-384">
         <name>__aeabi_dmul</name>
         <value>0x40203d10</value>
         <object_component_ref idref="oc-16a"/>
      </symbol>
      <symbol id="sm-38e">
         <name>__aeabi_d2iz</name>
         <value>0x40204c94</value>
         <object_component_ref idref="oc-179"/>
      </symbol>
      <symbol id="sm-3a5">
         <name>putc</name>
         <value>0x4020417c</value>
         <object_component_ref idref="oc-106"/>
      </symbol>
      <symbol id="sm-3a6">
         <name>fputc</name>
         <value>0x4020417c</value>
         <object_component_ref idref="oc-106"/>
      </symbol>
      <symbol id="sm-3a7">
         <name>putchar</name>
         <value>0x40204268</value>
         <object_component_ref idref="oc-106"/>
      </symbol>
      <symbol id="sm-3c7">
         <name>puts</name>
         <value>0x40203740</value>
         <object_component_ref idref="oc-10c"/>
      </symbol>
      <symbol id="sm-3c8">
         <name>fputs</name>
         <value>0x402035b0</value>
         <object_component_ref idref="oc-10c"/>
      </symbol>
      <symbol id="sm-3d2">
         <name>__aeabi_i2d</name>
         <value>0x40204de0</value>
         <object_component_ref idref="oc-184"/>
      </symbol>
      <symbol id="sm-421">
         <name>open</name>
         <value>0x40202260</value>
         <object_component_ref idref="oc-145"/>
      </symbol>
      <symbol id="sm-422">
         <name>add_device</name>
         <value>0x40202458</value>
         <object_component_ref idref="oc-145"/>
      </symbol>
      <symbol id="sm-423">
         <name>remove_device</name>
         <value>0x402021cc</value>
         <object_component_ref idref="oc-145"/>
      </symbol>
      <symbol id="sm-424">
         <name>lseek</name>
         <value>0x4020237c</value>
         <object_component_ref idref="oc-145"/>
      </symbol>
      <symbol id="sm-425">
         <name>read</name>
         <value>0x40202218</value>
         <object_component_ref idref="oc-145"/>
      </symbol>
      <symbol id="sm-426">
         <name>rename</name>
         <value>0x40202160</value>
         <object_component_ref idref="oc-145"/>
      </symbol>
      <symbol id="sm-427">
         <name>write</name>
         <value>0x40202024</value>
         <object_component_ref idref="oc-145"/>
      </symbol>
      <symbol id="sm-428">
         <name>close</name>
         <value>0x402023c4</value>
         <object_component_ref idref="oc-145"/>
      </symbol>
      <symbol id="sm-429">
         <name>unlink</name>
         <value>0x40202120</value>
         <object_component_ref idref="oc-145"/>
      </symbol>
      <symbol id="sm-437">
         <name>ltoa</name>
         <value>0x40204b98</value>
         <object_component_ref idref="oc-17e"/>
      </symbol>
      <symbol id="sm-446">
         <name>memccpy</name>
         <value>0x40204e50</value>
         <object_component_ref idref="oc-1a6"/>
      </symbol>
      <symbol id="sm-455">
         <name>memchr</name>
         <value>0x40204e7c</value>
         <object_component_ref idref="oc-153"/>
      </symbol>
      <symbol id="sm-46d">
         <name>frexpl</name>
         <value>0x40204c18</value>
         <object_component_ref idref="oc-18e"/>
      </symbol>
      <symbol id="sm-46e">
         <name>frexp</name>
         <value>0x40204c18</value>
         <object_component_ref idref="oc-18e"/>
      </symbol>
      <symbol id="sm-48c">
         <name>scalbn</name>
         <value>0x40203f50</value>
         <object_component_ref idref="oc-194"/>
      </symbol>
      <symbol id="sm-48d">
         <name>scalbnl</name>
         <value>0x40203f50</value>
         <object_component_ref idref="oc-194"/>
      </symbol>
      <symbol id="sm-48e">
         <name>ldexpl</name>
         <value>0x40203f50</value>
         <object_component_ref idref="oc-194"/>
      </symbol>
      <symbol id="sm-48f">
         <name>ldexp</name>
         <value>0x40203f50</value>
         <object_component_ref idref="oc-194"/>
      </symbol>
      <symbol id="sm-499">
         <name>_system_post_cinit</name>
         <value>0x40204fdc</value>
         <object_component_ref idref="oc-9a"/>
      </symbol>
      <symbol id="sm-4a8">
         <name>strchr</name>
         <value>0x40204ed0</value>
         <object_component_ref idref="oc-19a"/>
      </symbol>
      <symbol id="sm-4b6">
         <name>strcmp</name>
         <value>0x40204ef8</value>
         <object_component_ref idref="oc-1e4"/>
      </symbol>
      <symbol id="sm-4c4">
         <name>strlen</name>
         <value>0x40204f64</value>
         <object_component_ref idref="oc-14d"/>
      </symbol>
      <symbol id="sm-4d3">
         <name>strncpy</name>
         <value>0x40204d98</value>
         <object_component_ref idref="oc-1ea"/>
      </symbol>
      <symbol id="sm-4fb">
         <name>HOSTgetenv</name>
         <value>0x4020298c</value>
         <object_component_ref idref="oc-25c"/>
      </symbol>
      <symbol id="sm-4fc">
         <name>HOSTrename</name>
         <value>0x40202744</value>
         <object_component_ref idref="oc-25c"/>
      </symbol>
      <symbol id="sm-4fd">
         <name>HOSTclose</name>
         <value>0x402029f4</value>
         <object_component_ref idref="oc-25c"/>
      </symbol>
      <symbol id="sm-4fe">
         <name>HOSTtime64</name>
         <value>0x40202668</value>
         <object_component_ref idref="oc-25c"/>
      </symbol>
      <symbol id="sm-4ff">
         <name>HOSTunlink</name>
         <value>0x40202604</value>
         <object_component_ref idref="oc-25c"/>
      </symbol>
      <symbol id="sm-500">
         <name>HOSTlseek</name>
         <value>0x402028ec</value>
         <object_component_ref idref="oc-25c"/>
      </symbol>
      <symbol id="sm-501">
         <name>HOSTopen</name>
         <value>0x40202860</value>
         <object_component_ref idref="oc-25c"/>
      </symbol>
      <symbol id="sm-502">
         <name>HOSTclock</name>
         <value>0x40202a64</value>
         <object_component_ref idref="oc-25c"/>
      </symbol>
      <symbol id="sm-503">
         <name>HOSTwrite</name>
         <value>0x40202580</value>
         <object_component_ref idref="oc-25c"/>
      </symbol>
      <symbol id="sm-504">
         <name>HOSTread</name>
         <value>0x402027dc</value>
         <object_component_ref idref="oc-25c"/>
      </symbol>
      <symbol id="sm-505">
         <name>HOSTtime</name>
         <value>0x402026e4</value>
         <object_component_ref idref="oc-25c"/>
      </symbol>
      <symbol id="sm-51f">
         <name>__TI_readmsg</name>
         <value>0x4020491c</value>
         <object_component_ref idref="oc-298"/>
      </symbol>
      <symbol id="sm-520">
         <name>C$$IO$$</name>
         <value>0x40204914</value>
         <object_component_ref idref="oc-298"/>
      </symbol>
      <symbol id="sm-521">
         <name>__CIOBUF_</name>
         <value>0x402065b0</value>
         <object_component_ref idref="oc-2b7"/>
      </symbol>
      <symbol id="sm-522">
         <name>__TI_writemsg</name>
         <value>0x402048cc</value>
         <object_component_ref idref="oc-298"/>
      </symbol>
      <symbol id="sm-534">
         <name>__aeabi_uidivmod</name>
         <value>0x40204378</value>
         <object_component_ref idref="oc-160"/>
      </symbol>
      <symbol id="sm-535">
         <name>__aeabi_uidiv</name>
         <value>0x40204378</value>
         <object_component_ref idref="oc-160"/>
      </symbol>
      <symbol id="sm-551">
         <name>__aeabi_uldivmod</name>
         <value>0x402030e4</value>
         <object_component_ref idref="oc-15b"/>
      </symbol>
      <symbol id="sm-56d">
         <name>__TI_wrt_ok</name>
         <value>0x40203e38</value>
         <object_component_ref idref="oc-139"/>
      </symbol>
      <symbol id="sm-56e">
         <name>__TI_rd_ok</name>
         <value>0x40203ed8</value>
         <object_component_ref idref="oc-139"/>
      </symbol>
      <symbol id="sm-576">
         <name>errno</name>
         <value>0x40206998</value>
         <object_component_ref idref="oc-226"/>
      </symbol>
      <symbol id="sm-590">
         <name>__TI_doflush</name>
         <value>0x40203be0</value>
         <object_component_ref idref="oc-13f"/>
      </symbol>
      <symbol id="sm-591">
         <name>fflush</name>
         <value>0x40203c64</value>
         <object_component_ref idref="oc-13f"/>
      </symbol>
      <symbol id="sm-5a3">
         <name>fseek</name>
         <value>0x40204780</value>
         <object_component_ref idref="oc-1d1"/>
      </symbol>
      <symbol id="sm-5ad">
         <name>__aeabi_idiv0</name>
         <value>0x40204fd4</value>
         <object_component_ref idref="oc-204"/>
      </symbol>
      <symbol id="sm-5bf">
         <name>__aeabi_idivmod</name>
         <value>0x40204068</value>
         <object_component_ref idref="oc-210"/>
      </symbol>
      <symbol id="sm-5c0">
         <name>__aeabi_idiv</name>
         <value>0x40204068</value>
         <object_component_ref idref="oc-210"/>
      </symbol>
      <symbol id="sm-5ca">
         <name>copysign</name>
         <value>0x40204fbc</value>
         <object_component_ref idref="oc-220"/>
      </symbol>
      <symbol id="sm-5cb">
         <name>copysignl</name>
         <value>0x40204fbc</value>
         <object_component_ref idref="oc-220"/>
      </symbol>
      <symbol id="sm-5e6">
         <name>setvbuf</name>
         <value>0x40203a88</value>
         <object_component_ref idref="oc-1d7"/>
      </symbol>
      <symbol id="sm-5f4">
         <name>strcpy</name>
         <value>0x40204f80</value>
         <object_component_ref idref="oc-29e"/>
      </symbol>
      <symbol id="sm-628">
         <name>__TI_cleanup</name>
         <value>0x40202f50</value>
         <object_component_ref idref="oc-245"/>
      </symbol>
      <symbol id="sm-629">
         <name>freopen</name>
         <value>0x40202f9c</value>
         <object_component_ref idref="oc-245"/>
      </symbol>
      <symbol id="sm-62a">
         <name>fopen</name>
         <value>0x40202fe8</value>
         <object_component_ref idref="oc-245"/>
      </symbol>
      <symbol id="sm-68b">
         <name>_sys_memory</name>
         <value>0x402057e0</value>
         <object_component_ref idref="oc-30"/>
      </symbol>
      <symbol id="sm-68c">
         <name>free</name>
         <value>0x40201ba0</value>
         <object_component_ref idref="oc-23f"/>
      </symbol>
      <symbol id="sm-68d">
         <name>realloc</name>
         <value>0x40201cf8</value>
         <object_component_ref idref="oc-23f"/>
      </symbol>
      <symbol id="sm-68e">
         <name>memalign</name>
         <value>0x40201e8c</value>
         <object_component_ref idref="oc-23f"/>
      </symbol>
      <symbol id="sm-68f">
         <name>calloc</name>
         <value>0x40201fd0</value>
         <object_component_ref idref="oc-23f"/>
      </symbol>
      <symbol id="sm-690">
         <name>malloc</name>
         <value>0x40201ae0</value>
         <object_component_ref idref="oc-23f"/>
      </symbol>
      <symbol id="sm-691">
         <name>minit</name>
         <value>0x402019ec</value>
         <object_component_ref idref="oc-23f"/>
      </symbol>
      <symbol id="sm-6a7">
         <name>__TI_closefile</name>
         <value>0x4020427c</value>
         <object_component_ref idref="oc-289"/>
      </symbol>
      <symbol id="sm-6a8">
         <name>fclose</name>
         <value>0x40204328</value>
         <object_component_ref idref="oc-289"/>
      </symbol>
      <symbol id="sm-6aa">
         <name>__TI_static_base__</name>
         <value>0x40206aa8</value>
      </symbol>
      <symbol id="sm-6ad">
         <name>SHT$$INIT_ARRAY$$Limit</name>
         <value>0x0</value>
      </symbol>
      <symbol id="sm-6ae">
         <name>SHT$$INIT_ARRAY$$Base</name>
         <value>0x0</value>
      </symbol>
      <symbol id="sm-6af">
         <name>remove</name>
         <value>0x40202120</value>
      </symbol>
   </symbol_table>
   <title>Link successful</title>
</link_info>
